Archive member included to satisfy reference by file (symbol)

c:/program files (x86)/st/stm32cubeide_1.10.1/stm32cubeide/plugins/com.st.stm32cube.ide.mcu.externaltools.gnu-tools-for-stm32.10.3-2021.10.win32_1.0.0.202111181127/tools/bin/../lib/gcc/arm-none-eabi/10.3.1/../../../../arm-none-eabi/lib/thumb/v7-m/nofp\libc_nano.a(lib_a-errno.o)
                              ./Core/Src/syscalls.o (__errno)
c:/program files (x86)/st/stm32cubeide_1.10.1/stm32cubeide/plugins/com.st.stm32cube.ide.mcu.externaltools.gnu-tools-for-stm32.10.3-2021.10.win32_1.0.0.202111181127/tools/bin/../lib/gcc/arm-none-eabi/10.3.1/../../../../arm-none-eabi/lib/thumb/v7-m/nofp\libc_nano.a(lib_a-exit.o)
                              c:/program files (x86)/st/stm32cubeide_1.10.1/stm32cubeide/plugins/com.st.stm32cube.ide.mcu.externaltools.gnu-tools-for-stm32.10.3-2021.10.win32_1.0.0.202111181127/tools/bin/../lib/gcc/arm-none-eabi/10.3.1/../../../../arm-none-eabi/lib/thumb/v7-m/nofp/crt0.o (exit)
c:/program files (x86)/st/stm32cubeide_1.10.1/stm32cubeide/plugins/com.st.stm32cube.ide.mcu.externaltools.gnu-tools-for-stm32.10.3-2021.10.win32_1.0.0.202111181127/tools/bin/../lib/gcc/arm-none-eabi/10.3.1/../../../../arm-none-eabi/lib/thumb/v7-m/nofp\libc_nano.a(lib_a-impure.o)
                              c:/program files (x86)/st/stm32cubeide_1.10.1/stm32cubeide/plugins/com.st.stm32cube.ide.mcu.externaltools.gnu-tools-for-stm32.10.3-2021.10.win32_1.0.0.202111181127/tools/bin/../lib/gcc/arm-none-eabi/10.3.1/../../../../arm-none-eabi/lib/thumb/v7-m/nofp\libc_nano.a(lib_a-exit.o) (_global_impure_ptr)
c:/program files (x86)/st/stm32cubeide_1.10.1/stm32cubeide/plugins/com.st.stm32cube.ide.mcu.externaltools.gnu-tools-for-stm32.10.3-2021.10.win32_1.0.0.202111181127/tools/bin/../lib/gcc/arm-none-eabi/10.3.1/../../../../arm-none-eabi/lib/thumb/v7-m/nofp\libc_nano.a(lib_a-init.o)
                              c:/program files (x86)/st/stm32cubeide_1.10.1/stm32cubeide/plugins/com.st.stm32cube.ide.mcu.externaltools.gnu-tools-for-stm32.10.3-2021.10.win32_1.0.0.202111181127/tools/bin/../lib/gcc/arm-none-eabi/10.3.1/../../../../arm-none-eabi/lib/thumb/v7-m/nofp/crt0.o (__libc_init_array)
c:/program files (x86)/st/stm32cubeide_1.10.1/stm32cubeide/plugins/com.st.stm32cube.ide.mcu.externaltools.gnu-tools-for-stm32.10.3-2021.10.win32_1.0.0.202111181127/tools/bin/../lib/gcc/arm-none-eabi/10.3.1/../../../../arm-none-eabi/lib/thumb/v7-m/nofp\libc_nano.a(lib_a-memset.o)
                              c:/program files (x86)/st/stm32cubeide_1.10.1/stm32cubeide/plugins/com.st.stm32cube.ide.mcu.externaltools.gnu-tools-for-stm32.10.3-2021.10.win32_1.0.0.202111181127/tools/bin/../lib/gcc/arm-none-eabi/10.3.1/../../../../arm-none-eabi/lib/thumb/v7-m/nofp/crt0.o (memset)

Discarded input sections

 .text          0x0000000000000000        0x0 c:/program files (x86)/st/stm32cubeide_1.10.1/stm32cubeide/plugins/com.st.stm32cube.ide.mcu.externaltools.gnu-tools-for-stm32.10.3-2021.10.win32_1.0.0.202111181127/tools/bin/../lib/gcc/arm-none-eabi/10.3.1/thumb/v7-m/nofp/crti.o
 .data          0x0000000000000000        0x0 c:/program files (x86)/st/stm32cubeide_1.10.1/stm32cubeide/plugins/com.st.stm32cube.ide.mcu.externaltools.gnu-tools-for-stm32.10.3-2021.10.win32_1.0.0.202111181127/tools/bin/../lib/gcc/arm-none-eabi/10.3.1/thumb/v7-m/nofp/crti.o
 .bss           0x0000000000000000        0x0 c:/program files (x86)/st/stm32cubeide_1.10.1/stm32cubeide/plugins/com.st.stm32cube.ide.mcu.externaltools.gnu-tools-for-stm32.10.3-2021.10.win32_1.0.0.202111181127/tools/bin/../lib/gcc/arm-none-eabi/10.3.1/thumb/v7-m/nofp/crti.o
 .data          0x0000000000000000        0x4 c:/program files (x86)/st/stm32cubeide_1.10.1/stm32cubeide/plugins/com.st.stm32cube.ide.mcu.externaltools.gnu-tools-for-stm32.10.3-2021.10.win32_1.0.0.202111181127/tools/bin/../lib/gcc/arm-none-eabi/10.3.1/thumb/v7-m/nofp/crtbegin.o
 .rodata        0x0000000000000000       0x24 c:/program files (x86)/st/stm32cubeide_1.10.1/stm32cubeide/plugins/com.st.stm32cube.ide.mcu.externaltools.gnu-tools-for-stm32.10.3-2021.10.win32_1.0.0.202111181127/tools/bin/../lib/gcc/arm-none-eabi/10.3.1/thumb/v7-m/nofp/crtbegin.o
 .text          0x0000000000000000       0x7c c:/program files (x86)/st/stm32cubeide_1.10.1/stm32cubeide/plugins/com.st.stm32cube.ide.mcu.externaltools.gnu-tools-for-stm32.10.3-2021.10.win32_1.0.0.202111181127/tools/bin/../lib/gcc/arm-none-eabi/10.3.1/../../../../arm-none-eabi/lib/thumb/v7-m/nofp/crt0.o
 .data          0x0000000000000000        0x0 c:/program files (x86)/st/stm32cubeide_1.10.1/stm32cubeide/plugins/com.st.stm32cube.ide.mcu.externaltools.gnu-tools-for-stm32.10.3-2021.10.win32_1.0.0.202111181127/tools/bin/../lib/gcc/arm-none-eabi/10.3.1/../../../../arm-none-eabi/lib/thumb/v7-m/nofp/crt0.o
[...]
Memory Configuration

Name             Origin             Length             Attributes
RAM              0x0000000020000000 0x0000000000005000 xrw
FLASH            0x0000000008000000 0x0000000000010000 xr
*default*        0x0000000000000000 0xffffffffffffffff

Linker script and memory map

LOAD c:/program files (x86)/st/stm32cubeide_1.10.1/stm32cubeide/plugins/com.st.stm32cube.ide.mcu.externaltools.gnu-tools-for-stm32.10.3-2021.10.win32_1.0.0.202111181127/tools/bin/../lib/gcc/arm-none-eabi/10.3.1/thumb/v7-m/nofp/crti.o
LOAD c:/program files (x86)/st/stm32cubeide_1.10.1/stm32cubeide/plugins/com.st.stm32cube.ide.mcu.externaltools.gnu-tools-for-stm32.10.3-2021.10.win32_1.0.0.202111181127/tools/bin/../lib/gcc/arm-none-eabi/10.3.1/thumb/v7-m/nofp/crtbegin.o
LOAD c:/program files (x86)/st/stm32cubeide_1.10.1/stm32cubeide/plugins/com.st.stm32cube.ide.mcu.externaltools.gnu-tools-for-stm32.10.3-2021.10.win32_1.0.0.202111181127/tools/bin/../lib/gcc/arm-none-eabi/10.3.1/../../../../arm-none-eabi/lib/thumb/v7-m/nofp/crt0.o
LOAD ./Core/Inc/PS2/PS2.o
LOAD ./Core/Src/i2c-lcd.o
LOAD ./Core/Src/main.o
LOAD ./Core/Src/stm32f1xx_hal_msp.o
LOAD ./Core/Src/stm32f1xx_it.o
LOAD ./Core/Src/syscalls.o
LOAD ./Core/Src/sysmem.o
LOAD ./Core/Src/system_stm32f1xx.o
LOAD ./Core/Startup/startup_stm32f103c8tx.o
LOAD ./Drivers/STM32F1xx_HAL_Driver/Src/stm32f1xx_hal.o
LOAD ./Drivers/STM32F1xx_HAL_Driver/Src/stm32f1xx_hal_cortex.o
LOAD ./Drivers/STM32F1xx_HAL_Driver/Src/stm32f1xx_hal_dma.o
LOAD ./Drivers/STM32F1xx_HAL_Driver/Src/stm32f1xx_hal_exti.o
LOAD ./Drivers/STM32F1xx_HAL_Driver/Src/stm32f1xx_hal_flash.o
LOAD ./Drivers/STM32F1xx_HAL_Driver/Src/stm32f1xx_hal_flash_ex.o
LOAD ./Drivers/STM32F1xx_HAL_Driver/Src/stm32f1xx_hal_gpio.o
LOAD ./Drivers/STM32F1xx_HAL_Driver/Src/stm32f1xx_hal_gpio_ex.o
LOAD ./Drivers/STM32F1xx_HAL_Driver/Src/stm32f1xx_hal_i2c.o
LOAD ./Drivers/STM32F1xx_HAL_Driver/Src/stm32f1xx_hal_pwr.o
LOAD ./Drivers/STM32F1xx_HAL_Driver/Src/stm32f1xx_hal_rcc.o
LOAD ./Drivers/STM32F1xx_HAL_Driver/Src/stm32f1xx_hal_rcc_ex.o
LOAD ./Drivers/STM32F1xx_HAL_Driver/Src/stm32f1xx_hal_spi.o
LOAD ./Drivers/STM32F1xx_HAL_Driver/Src/stm32f1xx_hal_tim.o
LOAD ./Drivers/STM32F1xx_HAL_Driver/Src/stm32f1xx_hal_tim_ex.o
START GROUP
LOAD c:/program files (x86)/st/stm32cubeide_1.10.1/stm32cubeide/plugins/com.st.stm32cube.ide.mcu.externaltools.gnu-tools-for-stm32.10.3-2021.10.win32_1.0.0.202111181127/tools/bin/../lib/gcc/arm-none-eabi/10.3.1/../../../../arm-none-eabi/lib/thumb/v7-m/nofp\libc_nano.a
LOAD c:/program files (x86)/st/stm32cubeide_1.10.1/stm32cubeide/plugins/com.st.stm32cube.ide.mcu.externaltools.gnu-tools-for-stm32.10.3-2021.10.win32_1.0.0.202111181127/tools/bin/../lib/gcc/arm-none-eabi/10.3.1/../../../../arm-none-eabi/lib/thumb/v7-m/nofp\libm.a
END GROUP
START GROUP
LOAD c:/program files (x86)/st/stm32cubeide_1.10.1/stm32cubeide/plugins/com.st.stm32cube.ide.mcu.externaltools.gnu-tools-for-stm32.10.3-2021.10.win32_1.0.0.202111181127/tools/bin/../lib/gcc/arm-none-eabi/10.3.1/thumb/v7-m/nofp\libgcc.a
LOAD c:/program files (x86)/st/stm32cubeide_1.10.1/stm32cubeide/plugins/com.st.stm32cube.ide.mcu.externaltools.gnu-tools-for-stm32.10.3-2021.10.win32_1.0.0.202111181127/tools/bin/../lib/gcc/arm-none-eabi/10.3.1/../../../../arm-none-eabi/lib/thumb/v7-m/nofp\libc_nano.a
END GROUP
START GROUP
LOAD c:/program files (x86)/st/stm32cubeide_1.10.1/stm32cubeide/plugins/com.st.stm32cube.ide.mcu.externaltools.gnu-tools-for-stm32.10.3-2021.10.win32_1.0.0.202111181127/tools/bin/../lib/gcc/arm-none-eabi/10.3.1/thumb/v7-m/nofp\libgcc.a
LOAD c:/program files (x86)/st/stm32cubeide_1.10.1/stm32cubeide/plugins/com.st.stm32cube.ide.mcu.externaltools.gnu-tools-for-stm32.10.3-2021.10.win32_1.0.0.202111181127/tools/bin/../lib/gcc/arm-none-eabi/10.3.1/../../../../arm-none-eabi/lib/thumb/v7-m/nofp\libc_nano.a
LOAD c:/program files (x86)/st/stm32cubeide_1.10.1/stm32cubeide/plugins/com.st.stm32cube.ide.mcu.externaltools.gnu-tools-for-stm32.10.3-2021.10.win32_1.0.0.202111181127/tools/bin/../lib/gcc/arm-none-eabi/10.3.1/../../../../arm-none-eabi/lib/thumb/v7-m/nofp\libnosys.a
END GROUP
START GROUP
LOAD c:/program files (x86)/st/stm32cubeide_1.10.1/stm32cubeide/plugins/com.st.stm32cube.ide.mcu.externaltools.gnu-tools-for-stm32.10.3-2021.10.win32_1.0.0.202111181127/tools/bin/../lib/gcc/arm-none-eabi/10.3.1/thumb/v7-m/nofp\libgcc.a
LOAD c:/program files (x86)/st/stm32cubeide_1.10.1/stm32cubeide/plugins/com.st.stm32cube.ide.mcu.externaltools.gnu-tools-for-stm32.10.3-2021.10.win32_1.0.0.202111181127/tools/bin/../lib/gcc/arm-none-eabi/10.3.1/../../../../arm-none-eabi/lib/thumb/v7-m/nofp\libc_nano.a
LOAD c:/program files (x86)/st/stm32cubeide_1.10.1/stm32cubeide/plugins/com.st.stm32cube.ide.mcu.externaltools.gnu-tools-for-stm32.10.3-2021.10.win32_1.0.0.202111181127/tools/bin/../lib/gcc/arm-none-eabi/10.3.1/../../../../arm-none-eabi/lib/thumb/v7-m/nofp\libnosys.a
END GROUP
LOAD c:/program files (x86)/st/stm32cubeide_1.10.1/stm32cubeide/plugins/com.st.stm32cube.ide.mcu.externaltools.gnu-tools-for-stm32.10.3-2021.10.win32_1.0.0.202111181127/tools/bin/../lib/gcc/arm-none-eabi/10.3.1/thumb/v7-m/nofp/crtend.o
LOAD c:/program files (x86)/st/stm32cubeide_1.10.1/stm32cubeide/plugins/com.st.stm32cube.ide.mcu.externaltools.gnu-tools-for-stm32.10.3-2021.10.win32_1.0.0.202111181127/tools/bin/../lib/gcc/arm-none-eabi/10.3.1/thumb/v7-m/nofp/crtn.o
                0x0000000020005000                _estack = (ORIGIN (RAM) + LENGTH (RAM))
                0x0000000000000200                _Min_Heap_Size = 0x200
                0x0000000000000400                _Min_Stack_Size = 0x400

.isr_vector     0x0000000008000000      0x10c
                0x0000000008000000                . = ALIGN (0x4)
 *(.isr_vector)
 .isr_vector    0x0000000008000000      0x10c ./Core/Startup/startup_stm32f103c8tx.o
                0x0000000008000000                g_pfnVectors
                0x000000000800010c                . = ALIGN (0x4)

.text           0x000000000800010c     0x3028
                0x000000000800010c                . = ALIGN (0x4)
 *(.text)
 .text          0x000000000800010c       0x40 c:/program files (x86)/st/stm32cubeide_1.10.1/stm32cubeide/plugins/com.st.stm32cube.ide.mcu.externaltools.gnu-tools-for-stm32.10.3-2021.10.win32_1.0.0.202111181127/tools/bin/../lib/gcc/arm-none-eabi/10.3.1/thumb/v7-m/nofp/crtbegin.o
 *(.text*)
 .text.lcd_send_cmd
                0x000000000800014c       0x60 ./Core/Src/i2c-lcd.o
                0x000000000800014c                lcd_send_cmd
 .text.lcd_send_data
                0x00000000080001ac       0x60 ./Core/Src/i2c-lcd.o
                0x00000000080001ac                lcd_send_data
 .text.lcd_clear
                0x000000000800020c       0x2e ./Core/Src/i2c-lcd.o
                0x000000000800020c                lcd_clear
 .text.lcd_put_cur
                0x000000000800023a       0x3e ./Core/Src/i2c-lcd.o
                0x000000000800023a                lcd_put_cur
 .text.lcd_init
                0x0000000008000278       0x7a ./Core/Src/i2c-lcd.o
                0x0000000008000278                lcd_init
 .text.lcd_send_string
                0x00000000080002f2       0x2a ./Core/Src/i2c-lcd.o
                0x00000000080002f2                lcd_send_string
 .text.Go       0x000000000800031c       0x38 ./Core/Src/main.o
                0x000000000800031c                Go
 .text.Speed    0x0000000008000354       0x38 ./Core/Src/main.o
                0x0000000008000354                Speed
 .text.LCD      0x000000000800038c       0x34 ./Core/Src/main.o
                0x000000000800038c                LCD
 .text.main     0x00000000080003c0       0x58 ./Core/Src/main.o
                0x00000000080003c0                main
 .text.SystemClock_Config
                0x0000000008000418       0x8a ./Core/Src/main.o
                0x0000000008000418                SystemClock_Config
 *fill*         0x00000000080004a2        0x2 
 .text.MX_I2C1_Init
                0x00000000080004a4       0x5c ./Core/Src/main.o
 .text.MX_SPI1_Init
                0x0000000008000500       0x6c ./Core/Src/main.o
 .text.MX_SPI2_Init
                0x000000000800056c       0x6c ./Core/Src/main.o
 .text.MX_TIM1_Init
                0x00000000080005d8       0xa0 ./Core/Src/main.o
 .text.MX_TIM2_Init
                0x0000000008000678      0x100 ./Core/Src/main.o
 .text.MX_TIM3_Init
                0x0000000008000778       0x9c ./Core/Src/main.o
 .text.MX_TIM4_Init
                0x0000000008000814       0x9c ./Core/Src/main.o
 .text.MX_GPIO_Init
                0x00000000080008b0      0x114 ./Core/Src/main.o
 .text.Error_Handler
                0x00000000080009c4        0xa ./Core/Src/main.o
                0x00000000080009c4                Error_Handler
 *fill*         0x00000000080009ce        0x2 
 .text.HAL_MspInit
                0x00000000080009d0       0x64 ./Core/Src/stm32f1xx_hal_msp.o
                0x00000000080009d0                HAL_MspInit
 .text.HAL_I2C_MspInit
                0x0000000008000a34       0x7c ./Core/Src/stm32f1xx_hal_msp.o
                0x0000000008000a34                HAL_I2C_MspInit
 .text.HAL_SPI_MspInit
                0x0000000008000ab0      0x10c ./Core/Src/stm32f1xx_hal_msp.o
                0x0000000008000ab0                HAL_SPI_MspInit
 .text.HAL_TIM_Base_MspInit
                0x0000000008000bbc       0xb0 ./Core/Src/stm32f1xx_hal_msp.o
                0x0000000008000bbc                HAL_TIM_Base_MspInit
 .text.HAL_TIM_MspPostInit
                0x0000000008000c6c       0x60 ./Core/Src/stm32f1xx_hal_msp.o
                0x0000000008000c6c                HAL_TIM_MspPostInit
 .text.NMI_Handler
                0x0000000008000ccc        0x6 ./Core/Src/stm32f1xx_it.o
                0x0000000008000ccc                NMI_Handler
 .text.HardFault_Handler
                0x0000000008000cd2        0x6 ./Core/Src/stm32f1xx_it.o
                0x0000000008000cd2                HardFault_Handler
 .text.MemManage_Handler
                0x0000000008000cd8        0x6 ./Core/Src/stm32f1xx_it.o
                0x0000000008000cd8                MemManage_Handler
 .text.BusFault_Handler
                0x0000000008000cde        0x6 ./Core/Src/stm32f1xx_it.o
                0x0000000008000cde                BusFault_Handler
 .text.UsageFault_Handler
                0x0000000008000ce4        0x6 ./Core/Src/stm32f1xx_it.o
                0x0000000008000ce4                UsageFault_Handler
 .text.SVC_Handler
                0x0000000008000cea        0xc ./Core/Src/stm32f1xx_it.o
                0x0000000008000cea                SVC_Handler
 .text.DebugMon_Handler
                0x0000000008000cf6        0xc ./Core/Src/stm32f1xx_it.o
                0x0000000008000cf6                DebugMon_Handler
 .text.PendSV_Handler
                0x0000000008000d02        0xc ./Core/Src/stm32f1xx_it.o
                0x0000000008000d02                PendSV_Handler
 .text.SysTick_Handler
                0x0000000008000d0e        0xc ./Core/Src/stm32f1xx_it.o
                0x0000000008000d0e                SysTick_Handler
 .text.SystemInit
                0x0000000008000d1a        0xc ./Core/Src/system_stm32f1xx.o
                0x0000000008000d1a                SystemInit
 *fill*         0x0000000008000d26        0x2 
 .text.Reset_Handler
                0x0000000008000d28       0x48 ./Core/Startup/startup_stm32f103c8tx.o
                0x0000000008000d28                Reset_Handler
 .text.Default_Handler
                0x0000000008000d70        0x2 ./Core/Startup/startup_stm32f103c8tx.o
                0x0000000008000d70                RTC_Alarm_IRQHandler
                0x0000000008000d70                EXTI2_IRQHandler
                0x0000000008000d70                TIM1_CC_IRQHandler
                0x0000000008000d70                PVD_IRQHandler
                0x0000000008000d70                EXTI3_IRQHandler
                0x0000000008000d70                EXTI0_IRQHandler
                0x0000000008000d70                I2C2_EV_IRQHandler
                0x0000000008000d70                ADC1_2_IRQHandler
                0x0000000008000d70                SPI1_IRQHandler
                0x0000000008000d70                TAMPER_IRQHandler
                0x0000000008000d70                DMA1_Channel4_IRQHandler
                0x0000000008000d70                USART3_IRQHandler
                0x0000000008000d70                RTC_IRQHandler
                0x0000000008000d70                DMA1_Channel7_IRQHandler
                0x0000000008000d70                CAN1_RX1_IRQHandler
                0x0000000008000d70                TIM4_IRQHandler
                0x0000000008000d70                I2C1_EV_IRQHandler
                0x0000000008000d70                DMA1_Channel6_IRQHandler
                0x0000000008000d70                TIM3_IRQHandler
                0x0000000008000d70                RCC_IRQHandler
                0x0000000008000d70                TIM1_TRG_COM_IRQHandler
                0x0000000008000d70                DMA1_Channel1_IRQHandler
                0x0000000008000d70                Default_Handler
                0x0000000008000d70                EXTI15_10_IRQHandler
                0x0000000008000d70                EXTI9_5_IRQHandler
                0x0000000008000d70                SPI2_IRQHandler
                0x0000000008000d70                DMA1_Channel5_IRQHandler
                0x0000000008000d70                EXTI4_IRQHandler
                0x0000000008000d70                USB_LP_CAN1_RX0_IRQHandler
                0x0000000008000d70                USB_HP_CAN1_TX_IRQHandler
                0x0000000008000d70                DMA1_Channel3_IRQHandler
                0x0000000008000d70                TIM1_UP_IRQHandler
                0x0000000008000d70                WWDG_IRQHandler
                0x0000000008000d70                TIM2_IRQHandler
                0x0000000008000d70                TIM1_BRK_IRQHandler
                0x0000000008000d70                EXTI1_IRQHandler
                0x0000000008000d70                USART2_IRQHandler
                0x0000000008000d70                I2C2_ER_IRQHandler
                0x0000000008000d70                DMA1_Channel2_IRQHandler
                0x0000000008000d70                CAN1_SCE_IRQHandler
                0x0000000008000d70                FLASH_IRQHandler
                0x0000000008000d70                USART1_IRQHandler
                0x0000000008000d70                I2C1_ER_IRQHandler
                0x0000000008000d70                USBWakeUp_IRQHandler
 *fill*         0x0000000008000d72        0x2 
 .text.HAL_Init
                0x0000000008000d74       0x2c ./Drivers/STM32F1xx_HAL_Driver/Src/stm32f1xx_hal.o
                0x0000000008000d74                HAL_Init
 .text.HAL_InitTick
                0x0000000008000da0       0x60 ./Drivers/STM32F1xx_HAL_Driver/Src/stm32f1xx_hal.o
                0x0000000008000da0                HAL_InitTick
 .text.HAL_IncTick
                0x0000000008000e00       0x24 ./Drivers/STM32F1xx_HAL_Driver/Src/stm32f1xx_hal.o
                0x0000000008000e00                HAL_IncTick
 .text.HAL_GetTick
                0x0000000008000e24       0x14 ./Drivers/STM32F1xx_HAL_Driver/Src/stm32f1xx_hal.o
                0x0000000008000e24                HAL_GetTick
 .text.HAL_Delay
                0x0000000008000e38       0x48 ./Drivers/STM32F1xx_HAL_Driver/Src/stm32f1xx_hal.o
                0x0000000008000e38                HAL_Delay
 .text.__NVIC_SetPriorityGrouping
                0x0000000008000e80       0x48 ./Drivers/STM32F1xx_HAL_Driver/Src/stm32f1xx_hal_cortex.o
 .text.__NVIC_GetPriorityGrouping
                0x0000000008000ec8       0x1c ./Drivers/STM32F1xx_HAL_Driver/Src/stm32f1xx_hal_cortex.o
 .text.__NVIC_SetPriority
                0x0000000008000ee4       0x54 ./Drivers/STM32F1xx_HAL_Driver/Src/stm32f1xx_hal_cortex.o
 .text.NVIC_EncodePriority
                0x0000000008000f38       0x64 ./Drivers/STM32F1xx_HAL_Driver/Src/stm32f1xx_hal_cortex.o
 .text.SysTick_Config
                0x0000000008000f9c       0x44 ./Drivers/STM32F1xx_HAL_Driver/Src/stm32f1xx_hal_cortex.o
 .text.HAL_NVIC_SetPriorityGrouping
                0x0000000008000fe0       0x16 ./Drivers/STM32F1xx_HAL_Driver/Src/stm32f1xx_hal_cortex.o
                0x0000000008000fe0                HAL_NVIC_SetPriorityGrouping
 .text.HAL_NVIC_SetPriority
                0x0000000008000ff6       0x38 ./Drivers/STM32F1xx_HAL_Driver/Src/stm32f1xx_hal_cortex.o
                0x0000000008000ff6                HAL_NVIC_SetPriority
 .text.HAL_SYSTICK_Config
                0x000000000800102e       0x18 ./Drivers/STM32F1xx_HAL_Driver/Src/stm32f1xx_hal_cortex.o
                0x000000000800102e                HAL_SYSTICK_Config
 *fill*         0x0000000008001046        0x2 
 .text.HAL_GPIO_Init
                0x0000000008001048      0x308 ./Drivers/STM32F1xx_HAL_Driver/Src/stm32f1xx_hal_gpio.o
                0x0000000008001048                HAL_GPIO_Init
 .text.HAL_GPIO_WritePin
                0x0000000008001350       0x30 ./Drivers/STM32F1xx_HAL_Driver/Src/stm32f1xx_hal_gpio.o
                0x0000000008001350                HAL_GPIO_WritePin
 .text.HAL_I2C_Init
                0x0000000008001380      0x288 ./Drivers/STM32F1xx_HAL_Driver/Src/stm32f1xx_hal_i2c.o
                0x0000000008001380                HAL_I2C_Init
 .text.HAL_I2C_Master_Transmit
                0x0000000008001608      0x1fc ./Drivers/STM32F1xx_HAL_Driver/Src/stm32f1xx_hal_i2c.o
                0x0000000008001608                HAL_I2C_Master_Transmit
 .text.I2C_MasterRequestWrite
                0x0000000008001804      0x104 ./Drivers/STM32F1xx_HAL_Driver/Src/stm32f1xx_hal_i2c.o
 .text.I2C_WaitOnFlagUntilTimeout
                0x0000000008001908       0xae ./Drivers/STM32F1xx_HAL_Driver/Src/stm32f1xx_hal_i2c.o
 .text.I2C_WaitOnMasterAddressFlagUntilTimeout
                0x00000000080019b6       0xfe ./Drivers/STM32F1xx_HAL_Driver/Src/stm32f1xx_hal_i2c.o
 .text.I2C_WaitOnTXEFlagUntilTimeout
                0x0000000008001ab4       0x82 ./Drivers/STM32F1xx_HAL_Driver/Src/stm32f1xx_hal_i2c.o
 .text.I2C_WaitOnBTFFlagUntilTimeout
                0x0000000008001b36       0x82 ./Drivers/STM32F1xx_HAL_Driver/Src/stm32f1xx_hal_i2c.o
 .text.I2C_IsAcknowledgeFailed
                0x0000000008001bb8       0x5c ./Drivers/STM32F1xx_HAL_Driver/Src/stm32f1xx_hal_i2c.o
 .text.HAL_RCC_OscConfig
                0x0000000008001c14      0x504 ./Drivers/STM32F1xx_HAL_Driver/Src/stm32f1xx_hal_rcc.o
                0x0000000008001c14                HAL_RCC_OscConfig
 .text.HAL_RCC_ClockConfig
                0x0000000008002118      0x1d4 ./Drivers/STM32F1xx_HAL_Driver/Src/stm32f1xx_hal_rcc.o
                0x0000000008002118                HAL_RCC_ClockConfig
 .text.HAL_RCC_GetSysClockFreq
                0x00000000080022ec       0xbc ./Drivers/STM32F1xx_HAL_Driver/Src/stm32f1xx_hal_rcc.o
                0x00000000080022ec                HAL_RCC_GetSysClockFreq
 .text.HAL_RCC_GetHCLKFreq
                0x00000000080023a8       0x14 ./Drivers/STM32F1xx_HAL_Driver/Src/stm32f1xx_hal_rcc.o
                0x00000000080023a8                HAL_RCC_GetHCLKFreq
 .text.HAL_RCC_GetPCLK1Freq
                0x00000000080023bc       0x28 ./Drivers/STM32F1xx_HAL_Driver/Src/stm32f1xx_hal_rcc.o
                0x00000000080023bc                HAL_RCC_GetPCLK1Freq
 .text.RCC_Delay
                0x00000000080023e4       0x3c ./Drivers/STM32F1xx_HAL_Driver/Src/stm32f1xx_hal_rcc.o
 .text.HAL_SPI_Init
                0x0000000008002420      0x108 ./Drivers/STM32F1xx_HAL_Driver/Src/stm32f1xx_hal_spi.o
                0x0000000008002420                HAL_SPI_Init
 .text.HAL_TIM_Base_Init
                0x0000000008002528       0x9e ./Drivers/STM32F1xx_HAL_Driver/Src/stm32f1xx_hal_tim.o
                0x0000000008002528                HAL_TIM_Base_Init
 .text.HAL_TIM_PWM_Init
                0x00000000080025c6       0x9e ./Drivers/STM32F1xx_HAL_Driver/Src/stm32f1xx_hal_tim.o
                0x00000000080025c6                HAL_TIM_PWM_Init
 .text.HAL_TIM_PWM_MspInit
                0x0000000008002664       0x12 ./Drivers/STM32F1xx_HAL_Driver/Src/stm32f1xx_hal_tim.o
                0x0000000008002664                HAL_TIM_PWM_MspInit
 *fill*         0x0000000008002676        0x2 
 .text.HAL_TIM_PWM_Start
                0x0000000008002678      0x144 ./Drivers/STM32F1xx_HAL_Driver/Src/stm32f1xx_hal_tim.o
                0x0000000008002678                HAL_TIM_PWM_Start
 .text.HAL_TIM_PWM_ConfigChannel
                0x00000000080027bc      0x17c ./Drivers/STM32F1xx_HAL_Driver/Src/stm32f1xx_hal_tim.o
                0x00000000080027bc                HAL_TIM_PWM_ConfigChannel
 .text.HAL_TIM_ConfigClockSource
                0x0000000008002938      0x188 ./Drivers/STM32F1xx_HAL_Driver/Src/stm32f1xx_hal_tim.o
                0x0000000008002938                HAL_TIM_ConfigClockSource
 .text.TIM_Base_SetConfig
                0x0000000008002ac0       0xc4 ./Drivers/STM32F1xx_HAL_Driver/Src/stm32f1xx_hal_tim.o
                0x0000000008002ac0                TIM_Base_SetConfig
 .text.TIM_OC1_SetConfig
                0x0000000008002b84       0xcc ./Drivers/STM32F1xx_HAL_Driver/Src/stm32f1xx_hal_tim.o
 .text.TIM_OC2_SetConfig
                0x0000000008002c50       0xd4 ./Drivers/STM32F1xx_HAL_Driver/Src/stm32f1xx_hal_tim.o
                0x0000000008002c50                TIM_OC2_SetConfig
 .text.TIM_OC3_SetConfig
                0x0000000008002d24       0xd4 ./Drivers/STM32F1xx_HAL_Driver/Src/stm32f1xx_hal_tim.o
 .text.TIM_OC4_SetConfig
                0x0000000008002df8       0x9c ./Drivers/STM32F1xx_HAL_Driver/Src/stm32f1xx_hal_tim.o
 .text.TIM_TI1_ConfigInputStage
                0x0000000008002e94       0x5c ./Drivers/STM32F1xx_HAL_Driver/Src/stm32f1xx_hal_tim.o
 .text.TIM_TI2_ConfigInputStage
                0x0000000008002ef0       0x5e ./Drivers/STM32F1xx_HAL_Driver/Src/stm32f1xx_hal_tim.o
 .text.TIM_ITRx_SetConfig
                0x0000000008002f4e       0x34 ./Drivers/STM32F1xx_HAL_Driver/Src/stm32f1xx_hal_tim.o
 .text.TIM_ETR_SetConfig
                0x0000000008002f82       0x3e ./Drivers/STM32F1xx_HAL_Driver/Src/stm32f1xx_hal_tim.o
                0x0000000008002f82                TIM_ETR_SetConfig
 .text.TIM_CCxChannelCmd
                0x0000000008002fc0       0x48 ./Drivers/STM32F1xx_HAL_Driver/Src/stm32f1xx_hal_tim.o
                0x0000000008002fc0                TIM_CCxChannelCmd
 .text.HAL_TIMEx_MasterConfigSynchronization
                0x0000000008003008       0xbc ./Drivers/STM32F1xx_HAL_Driver/Src/stm32f1xx_hal_tim_ex.o
                0x0000000008003008                HAL_TIMEx_MasterConfigSynchronization
 .text.__libc_init_array
                0x00000000080030c4       0x48 c:/program files (x86)/st/stm32cubeide_1.10.1/stm32cubeide/plugins/com.st.stm32cube.ide.mcu.externaltools.gnu-tools-for-stm32.10.3-2021.10.win32_1.0.0.202111181127/tools/bin/../lib/gcc/arm-none-eabi/10.3.1/../../../../arm-none-eabi/lib/thumb/v7-m/nofp\libc_nano.a(lib_a-init.o)
                0x00000000080030c4                __libc_init_array
 .text.memset   0x000000000800310c       0x10 c:/program files (x86)/st/stm32cubeide_1.10.1/stm32cubeide/plugins/com.st.stm32cube.ide.mcu.externaltools.gnu-tools-for-stm32.10.3-2021.10.win32_1.0.0.202111181127/tools/bin/../lib/gcc/arm-none-eabi/10.3.1/../../../../arm-none-eabi/lib/thumb/v7-m/nofp\libc_nano.a(lib_a-memset.o)
                0x000000000800310c                memset
 *(.glue_7)
 .glue_7        0x000000000800311c        0x0 linker stubs
 *(.glue_7t)
 .glue_7t       0x000000000800311c        0x0 linker stubs
 *(.eh_frame)
 .eh_frame      0x000000000800311c        0x0 c:/program files (x86)/st/stm32cubeide_1.10.1/stm32cubeide/plugins/com.st.stm32cube.ide.mcu.externaltools.gnu-tools-for-stm32.10.3-2021.10.win32_1.0.0.202111181127/tools/bin/../lib/gcc/arm-none-eabi/10.3.1/thumb/v7-m/nofp/crtbegin.o
 *(.init)
 .init          0x000000000800311c        0x4 c:/program files (x86)/st/stm32cubeide_1.10.1/stm32cubeide/plugins/com.st.stm32cube.ide.mcu.externaltools.gnu-tools-for-stm32.10.3-2021.10.win32_1.0.0.202111181127/tools/bin/../lib/gcc/arm-none-eabi/10.3.1/thumb/v7-m/nofp/crti.o
                0x000000000800311c                _init
 .init          0x0000000008003120        0x8 c:/program files (x86)/st/stm32cubeide_1.10.1/stm32cubeide/plugins/com.st.stm32cube.ide.mcu.externaltools.gnu-tools-for-stm32.10.3-2021.10.win32_1.0.0.202111181127/tools/bin/../lib/gcc/arm-none-eabi/10.3.1/thumb/v7-m/nofp/crtn.o
 *(.fini)
 .fini          0x0000000008003128        0x4 c:/program files (x86)/st/stm32cubeide_1.10.1/stm32cubeide/plugins/com.st.stm32cube.ide.mcu.externaltools.gnu-tools-for-stm32.10.3-2021.10.win32_1.0.0.202111181127/tools/bin/../lib/gcc/arm-none-eabi/10.3.1/thumb/v7-m/nofp/crti.o
                0x0000000008003128                _fini
 .fini          0x000000000800312c        0x8 c:/program files (x86)/st/stm32cubeide_1.10.1/stm32cubeide/plugins/com.st.stm32cube.ide.mcu.externaltools.gnu-tools-for-stm32.10.3-2021.10.win32_1.0.0.202111181127/tools/bin/../lib/gcc/arm-none-eabi/10.3.1/thumb/v7-m/nofp/crtn.o
                0x0000000008003134                . = ALIGN (0x4)
                0x0000000008003134                _etext = .

.vfp11_veneer   0x0000000008003134        0x0
 .vfp11_veneer  0x0000000008003134        0x0 linker stubs

.v4_bx          0x0000000008003134        0x0
 .v4_bx         0x0000000008003134        0x0 linker stubs

.iplt           0x0000000008003134        0x0
 .iplt          0x0000000008003134        0x0 c:/program files (x86)/st/stm32cubeide_1.10.1/stm32cubeide/plugins/com.st.stm32cube.ide.mcu.externaltools.gnu-tools-for-stm32.10.3-2021.10.win32_1.0.0.202111181127/tools/bin/../lib/gcc/arm-none-eabi/10.3.1/thumb/v7-m/nofp/crtbegin.o

.rodata         0x0000000008003134       0x44
                0x0000000008003134                . = ALIGN (0x4)
 *(.rodata)
 .rodata        0x0000000008003134       0x1b ./Core/Src/main.o
 *fill*         0x000000000800314f        0x1 
 .rodata        0x0000000008003150       0x10 ./Drivers/STM32F1xx_HAL_Driver/Src/stm32f1xx_hal_rcc.o
 *(.rodata*)
 .rodata.AHBPrescTable
                0x0000000008003160       0x10 ./Core/Src/system_stm32f1xx.o
                0x0000000008003160                AHBPrescTable
 .rodata.APBPrescTable
                0x0000000008003170        0x8 ./Core/Src/system_stm32f1xx.o
                0x0000000008003170                APBPrescTable
                0x0000000008003178                . = ALIGN (0x4)

.rel.dyn        0x0000000008003178        0x0
 .rel.iplt      0x0000000008003178        0x0 c:/program files (x86)/st/stm32cubeide_1.10.1/stm32cubeide/plugins/com.st.stm32cube.ide.mcu.externaltools.gnu-tools-for-stm32.10.3-2021.10.win32_1.0.0.202111181127/tools/bin/../lib/gcc/arm-none-eabi/10.3.1/thumb/v7-m/nofp/crtbegin.o

.ARM.extab      0x0000000008003178        0x0
                0x0000000008003178                . = ALIGN (0x4)
 *(.ARM.extab* .gnu.linkonce.armextab.*)
                0x0000000008003178                . = ALIGN (0x4)

.ARM            0x0000000008003178        0x0
                0x0000000008003178                . = ALIGN (0x4)
                0x0000000008003178                __exidx_start = .
 *(.ARM.exidx*)
                0x0000000008003178                __exidx_end = .
                0x0000000008003178                . = ALIGN (0x4)

.preinit_array  0x0000000008003178        0x0
                0x0000000008003178                . = ALIGN (0x4)
                0x0000000008003178                PROVIDE (__preinit_array_start = .)
 *(.preinit_array*)
                0x0000000008003178                PROVIDE (__preinit_array_end = .)
                0x0000000008003178                . = ALIGN (0x4)

.init_array     0x0000000008003178        0x4
                0x0000000008003178                . = ALIGN (0x4)
                0x0000000008003178                PROVIDE (__init_array_start = .)
 *(SORT_BY_NAME(.init_array.*))
 *(.init_array*)
 .init_array    0x0000000008003178        0x4 c:/program files (x86)/st/stm32cubeide_1.10.1/stm32cubeide/plugins/com.st.stm32cube.ide.mcu.externaltools.gnu-tools-for-stm32.10.3-2021.10.win32_1.0.0.202111181127/tools/bin/../lib/gcc/arm-none-eabi/10.3.1/thumb/v7-m/nofp/crtbegin.o
                0x000000000800317c                PROVIDE (__init_array_end = .)
                0x000000000800317c                . = ALIGN (0x4)

.fini_array     0x000000000800317c        0x4
                0x000000000800317c                . = ALIGN (0x4)
                [!provide]                        PROVIDE (__fini_array_start = .)
 *(SORT_BY_NAME(.fini_array.*))
 *(.fini_array*)
 .fini_array    0x000000000800317c        0x4 c:/program files (x86)/st/stm32cubeide_1.10.1/stm32cubeide/plugins/com.st.stm32cube.ide.mcu.externaltools.gnu-tools-for-stm32.10.3-2021.10.win32_1.0.0.202111181127/tools/bin/../lib/gcc/arm-none-eabi/10.3.1/thumb/v7-m/nofp/crtbegin.o
                [!provide]                        PROVIDE (__fini_array_end = .)
                0x0000000008003180                . = ALIGN (0x4)
                0x0000000008003180                _sidata = LOADADDR (.data)

.data           0x0000000020000000        0xc load address 0x0000000008003180
                0x0000000020000000                . = ALIGN (0x4)
                0x0000000020000000                _sdata = .
 *(.data)
 *(.data*)
 .data.SystemCoreClock
                0x0000000020000000        0x4 ./Core/Src/system_stm32f1xx.o
                0x0000000020000000                SystemCoreClock
 .data.uwTickPrio
                0x0000000020000004        0x4 ./Drivers/STM32F1xx_HAL_Driver/Src/stm32f1xx_hal.o
                0x0000000020000004                uwTickPrio
 .data.uwTickFreq
                0x0000000020000008        0x1 ./Drivers/STM32F1xx_HAL_Driver/Src/stm32f1xx_hal.o
                0x0000000020000008                uwTickFreq
 *(.RamFunc)
 *(.RamFunc*)
                0x000000002000000c                . = ALIGN (0x4)
 *fill*         0x0000000020000009        0x3 
                0x000000002000000c                _edata = .

.igot.plt       0x000000002000000c        0x0 load address 0x000000000800318c
 .igot.plt      0x000000002000000c        0x0 c:/program files (x86)/st/stm32cubeide_1.10.1/stm32cubeide/plugins/com.st.stm32cube.ide.mcu.externaltools.gnu-tools-for-stm32.10.3-2021.10.win32_1.0.0.202111181127/tools/bin/../lib/gcc/arm-none-eabi/10.3.1/thumb/v7-m/nofp/crtbegin.o
                0x000000002000000c                . = ALIGN (0x4)

.bss            0x000000002000000c      0x244 load address 0x000000000800318c
                0x000000002000000c                _sbss = .
                0x000000002000000c                __bss_start__ = _sbss
 *(.bss)
 .bss           0x000000002000000c       0x1c c:/program files (x86)/st/stm32cubeide_1.10.1/stm32cubeide/plugins/com.st.stm32cube.ide.mcu.externaltools.gnu-tools-for-stm32.10.3-2021.10.win32_1.0.0.202111181127/tools/bin/../lib/gcc/arm-none-eabi/10.3.1/thumb/v7-m/nofp/crtbegin.o
 *(.bss*)
 .bss.hi2c1     0x0000000020000028       0x54 ./Core/Src/main.o
                0x0000000020000028                hi2c1
 .bss.hspi1     0x000000002000007c       0x58 ./Core/Src/main.o
                0x000000002000007c                hspi1
 .bss.hspi2     0x00000000200000d4       0x58 ./Core/Src/main.o
                0x00000000200000d4                hspi2
 .bss.htim1     0x000000002000012c       0x48 ./Core/Src/main.o
                0x000000002000012c                htim1
 .bss.htim2     0x0000000020000174       0x48 ./Core/Src/main.o
                0x0000000020000174                htim2
 .bss.htim3     0x00000000200001bc       0x48 ./Core/Src/main.o
                0x00000000200001bc                htim3
 .bss.htim4     0x0000000020000204       0x48 ./Core/Src/main.o
                0x0000000020000204                htim4
 .bss.uwTick    0x000000002000024c        0x4 ./Drivers/STM32F1xx_HAL_Driver/Src/stm32f1xx_hal.o
                0x000000002000024c                uwTick
 *(COMMON)
                0x0000000020000250                . = ALIGN (0x4)
                0x0000000020000250                _ebss = .
                0x0000000020000250                __bss_end__ = _ebss

._user_heap_stack
                0x0000000020000250      0x600 load address 0x000000000800318c
                0x0000000020000250                . = ALIGN (0x8)
                [!provide]                        PROVIDE (end = .)
                0x0000000020000250                PROVIDE (_end = .)
                0x0000000020000450                . = (. + _Min_Heap_Size)
 *fill*         0x0000000020000250      0x200 
                0x0000000020000850                . = (. + _Min_Stack_Size)
 *fill*         0x0000000020000450      0x400 
                0x0000000020000850                . = ALIGN (0x8)

/DISCARD/
 libc.a(*)
 libm.a(*)
 libgcc.a(*)

.ARM.attributes
                0x0000000000000000       0x29
 *(.ARM.attributes)
 .ARM.attributes
                0x0000000000000000       0x1d c:/program files (x86)/st/stm32cubeide_1.10.1/stm32cubeide/plugins/com.st.stm32cube.ide.mcu.externaltools.gnu-tools-for-stm32.10.3-2021.10.win32_1.0.0.202111181127/tools/bin/../lib/gcc/arm-none-eabi/10.3.1/thumb/v7-m/nofp/crti.o
 .ARM.attributes
                0x000000000000001d       0x2d c:/program files (x86)/st/stm32cubeide_1.10.1/stm32cubeide/plugins/com.st.stm32cube.ide.mcu.externaltools.gnu-tools-for-stm32.10.3-2021.10.win32_1.0.0.202111181127/tools/bin/../lib/gcc/arm-none-eabi/10.3.1/thumb/v7-m/nofp/crtbegin.o
 .ARM.attributes
                0x000000000000004a       0x2d ./Core/Src/i2c-lcd.o
 .ARM.attributes
                0x0000000000000077       0x2d ./Core/Src/main.o
 .ARM.attributes
                0x00000000000000a4       0x2d ./Core/Src/stm32f1xx_hal_msp.o
 .ARM.attributes
                0x00000000000000d1       0x2d ./Core/Src/stm32f1xx_it.o
 .ARM.attributes
                0x00000000000000fe       0x2d ./Core/Src/system_stm32f1xx.o
 .ARM.attributes
                0x000000000000012b       0x21 ./Core/Startup/startup_stm32f103c8tx.o
 .ARM.attributes
                0x000000000000014c       0x2d ./Drivers/STM32F1xx_HAL_Driver/Src/stm32f1xx_hal.o
 .ARM.attributes
                0x0000000000000179       0x2d ./Drivers/STM32F1xx_HAL_Driver/Src/stm32f1xx_hal_cortex.o
 .ARM.attributes
                0x00000000000001a6       0x2d ./Drivers/STM32F1xx_HAL_Driver/Src/stm32f1xx_hal_gpio.o
 .ARM.attributes
                0x00000000000001d3       0x2d ./Drivers/STM32F1xx_HAL_Driver/Src/stm32f1xx_hal_i2c.o
 .ARM.attributes
                0x0000000000000200       0x2d ./Drivers/STM32F1xx_HAL_Driver/Src/stm32f1xx_hal_rcc.o
 .ARM.attributes
                0x000000000000022d       0x2d ./Drivers/STM32F1xx_HAL_Driver/Src/stm32f1xx_hal_spi.o
 .ARM.attributes
                0x000000000000025a       0x2d ./Drivers/STM32F1xx_HAL_Driver/Src/stm32f1xx_hal_tim.o
 .ARM.attributes
                0x0000000000000287       0x2d ./Drivers/STM32F1xx_HAL_Driver/Src/stm32f1xx_hal_tim_ex.o
 .ARM.attributes
                0x00000000000002b4       0x2d c:/program files (x86)/st/stm32cubeide_1.10.1/stm32cubeide/plugins/com.st.stm32cube.ide.mcu.externaltools.gnu-tools-for-stm32.10.3-2021.10.win32_1.0.0.202111181127/tools/bin/../lib/gcc/arm-none-eabi/10.3.1/../../../../arm-none-eabi/lib/thumb/v7-m/nofp\libc_nano.a(lib_a-init.o)
 .ARM.attributes
                0x00000000000002e1       0x2d c:/program files (x86)/st/stm32cubeide_1.10.1/stm32cubeide/plugins/com.st.stm32cube.ide.mcu.externaltools.gnu-tools-for-stm32.10.3-2021.10.win32_1.0.0.202111181127/tools/bin/../lib/gcc/arm-none-eabi/10.3.1/../../../../arm-none-eabi/lib/thumb/v7-m/nofp\libc_nano.a(lib_a-memset.o)
 .ARM.attributes
                0x000000000000030e       0x1d c:/program files (x86)/st/stm32cubeide_1.10.1/stm32cubeide/plugins/com.st.stm32cube.ide.mcu.externaltools.gnu-tools-for-stm32.10.3-2021.10.win32_1.0.0.202111181127/tools/bin/../lib/gcc/arm-none-eabi/10.3.1/thumb/v7-m/nofp/crtn.o
OUTPUT(Project_BTL.elf elf32-littlearm)
LOAD linker stubs
LOAD c:/program files (x86)/st/stm32cubeide_1.10.1/stm32cubeide/plugins/com.st.stm32cube.ide.mcu.externaltools.gnu-tools-for-stm32.10.3-2021.10.win32_1.0.0.202111181127/tools/bin/../lib/gcc/arm-none-eabi/10.3.1/../../../../arm-none-eabi/lib/thumb/v7-m/nofp\libc.a
LOAD c:/program files (x86)/st/stm32cubeide_1.10.1/stm32cubeide/plugins/com.st.stm32cube.ide.mcu.externaltools.gnu-tools-for-stm32.10.3-2021.10.win32_1.0.0.202111181127/tools/bin/../lib/gcc/arm-none-eabi/10.3.1/../../../../arm-none-eabi/lib/thumb/v7-m/nofp\libm.a
LOAD c:/program files (x86)/st/stm32cubeide_1.10.1/stm32cubeide/plugins/com.st.stm32cube.ide.mcu.externaltools.gnu-tools-for-stm32.10.3-2021.10.win32_1.0.0.202111181127/tools/bin/../lib/gcc/arm-none-eabi/10.3.1/thumb/v7-m/nofp\libgcc.a

.debug_info     0x0000000000000000     0xcf13
 .debug_info    0x0000000000000000      0x782 ./Core/Src/i2c-lcd.o
 .debug_info    0x0000000000000782     0x166e ./Core/Src/main.o
 .debug_info    0x0000000000001df0     0x105c ./Core/Src/stm32f1xx_hal_msp.o
 .debug_info    0x0000000000002e4c      0x122 ./Core/Src/stm32f1xx_it.o
 .debug_info    0x0000000000002f6e      0x23d ./Core/Src/system_stm32f1xx.o
 .debug_info    0x00000000000031ab       0x22 ./Core/Startup/startup_stm32f103c8tx.o
 .debug_info    0x00000000000031cd      0x734 ./Drivers/STM32F1xx_HAL_Driver/Src/stm32f1xx_hal.o
 .debug_info    0x0000000000003901      0xb20 ./Drivers/STM32F1xx_HAL_Driver/Src/stm32f1xx_hal_cortex.o
 .debug_info    0x0000000000004421      0x615 ./Drivers/STM32F1xx_HAL_Driver/Src/stm32f1xx_hal_gpio.o
 .debug_info    0x0000000000004a36     0x2734 ./Drivers/STM32F1xx_HAL_Driver/Src/stm32f1xx_hal_i2c.o
 .debug_info    0x000000000000716a      0x860 ./Drivers/STM32F1xx_HAL_Driver/Src/stm32f1xx_hal_rcc.o
 .debug_info    0x00000000000079ca     0x1658 ./Drivers/STM32F1xx_HAL_Driver/Src/stm32f1xx_hal_spi.o
 .debug_info    0x0000000000009022     0x29de ./Drivers/STM32F1xx_HAL_Driver/Src/stm32f1xx_hal_tim.o
 .debug_info    0x000000000000ba00     0x1513 ./Drivers/STM32F1xx_HAL_Driver/Src/stm32f1xx_hal_tim_ex.o

.debug_abbrev   0x0000000000000000     0x1c01
 .debug_abbrev  0x0000000000000000      0x1de ./Core/Src/i2c-lcd.o
 .debug_abbrev  0x00000000000001de      0x35e ./Core/Src/main.o
 .debug_abbrev  0x000000000000053c      0x201 ./Core/Src/stm32f1xx_hal_msp.o
 .debug_abbrev  0x000000000000073d       0x74 ./Core/Src/stm32f1xx_it.o
 .debug_abbrev  0x00000000000007b1      0x13b ./Core/Src/system_stm32f1xx.o
 .debug_abbrev  0x00000000000008ec       0x12 ./Core/Startup/startup_stm32f103c8tx.o
 .debug_abbrev  0x00000000000008fe      0x1fb ./Drivers/STM32F1xx_HAL_Driver/Src/stm32f1xx_hal.o
 .debug_abbrev  0x0000000000000af9      0x2ed ./Drivers/STM32F1xx_HAL_Driver/Src/stm32f1xx_hal_cortex.o
 .debug_abbrev  0x0000000000000de6      0x1bb ./Drivers/STM32F1xx_HAL_Driver/Src/stm32f1xx_hal_gpio.o
 .debug_abbrev  0x0000000000000fa1      0x288 ./Drivers/STM32F1xx_HAL_Driver/Src/stm32f1xx_hal_i2c.o
 .debug_abbrev  0x0000000000001229      0x2a8 ./Drivers/STM32F1xx_HAL_Driver/Src/stm32f1xx_hal_rcc.o
 .debug_abbrev  0x00000000000014d1      0x26e ./Drivers/STM32F1xx_HAL_Driver/Src/stm32f1xx_hal_spi.o
 .debug_abbrev  0x000000000000173f      0x25d ./Drivers/STM32F1xx_HAL_Driver/Src/stm32f1xx_hal_tim.o
 .debug_abbrev  0x000000000000199c      0x265 ./Drivers/STM32F1xx_HAL_Driver/Src/stm32f1xx_hal_tim_ex.o

.debug_aranges  0x0000000000000000      0xe88
 .debug_aranges
                0x0000000000000000       0x48 ./Core/Src/i2c-lcd.o
 .debug_aranges
                0x0000000000000048       0xc8 ./Core/Src/main.o
 .debug_aranges
                0x0000000000000110       0x58 ./Core/Src/stm32f1xx_hal_msp.o
 .debug_aranges
                0x0000000000000168       0x60 ./Core/Src/stm32f1xx_it.o
 .debug_aranges
                0x00000000000001c8       0x28 ./Core/Src/system_stm32f1xx.o
 .debug_aranges
                0x00000000000001f0       0x28 ./Core/Startup/startup_stm32f103c8tx.o
 .debug_aranges
                0x0000000000000218       0xe0 ./Drivers/STM32F1xx_HAL_Driver/Src/stm32f1xx_hal.o
 .debug_aranges
                0x00000000000002f8      0x100 ./Drivers/STM32F1xx_HAL_Driver/Src/stm32f1xx_hal_cortex.o
 .debug_aranges
                0x00000000000003f8       0x58 ./Drivers/STM32F1xx_HAL_Driver/Src/stm32f1xx_hal_gpio.o
 .debug_aranges
                0x0000000000000450      0x2a0 ./Drivers/STM32F1xx_HAL_Driver/Src/stm32f1xx_hal_i2c.o
 .debug_aranges
                0x00000000000006f0       0x90 ./Drivers/STM32F1xx_HAL_Driver/Src/stm32f1xx_hal_rcc.o
 .debug_aranges
                0x0000000000000780      0x1d0 ./Drivers/STM32F1xx_HAL_Driver/Src/stm32f1xx_hal_spi.o
 .debug_aranges
                0x0000000000000950      0x3d0 ./Drivers/STM32F1xx_HAL_Driver/Src/stm32f1xx_hal_tim.o
 .debug_aranges
                0x0000000000000d20      0x168 ./Drivers/STM32F1xx_HAL_Driver/Src/stm32f1xx_hal_tim_ex.o

.debug_ranges   0x0000000000000000      0xdd8
 .debug_ranges  0x0000000000000000       0x38 ./Core/Src/i2c-lcd.o
 .debug_ranges  0x0000000000000038       0xb8 ./Core/Src/main.o
 .debug_ranges  0x00000000000000f0       0x48 ./Core/Src/stm32f1xx_hal_msp.o
 .debug_ranges  0x0000000000000138       0x50 ./Core/Src/stm32f1xx_it.o
 .debug_ranges  0x0000000000000188       0x18 ./Core/Src/system_stm32f1xx.o
 .debug_ranges  0x00000000000001a0       0x20 ./Core/Startup/startup_stm32f103c8tx.o
 .debug_ranges  0x00000000000001c0       0xd0 ./Drivers/STM32F1xx_HAL_Driver/Src/stm32f1xx_hal.o
 .debug_ranges  0x0000000000000290       0xf0 ./Drivers/STM32F1xx_HAL_Driver/Src/stm32f1xx_hal_cortex.o
 .debug_ranges  0x0000000000000380       0x48 ./Drivers/STM32F1xx_HAL_Driver/Src/stm32f1xx_hal_gpio.o
 .debug_ranges  0x00000000000003c8      0x2b8 ./Drivers/STM32F1xx_HAL_Driver/Src/stm32f1xx_hal_i2c.o
 .debug_ranges  0x0000000000000680       0x80 ./Drivers/STM32F1xx_HAL_Driver/Src/stm32f1xx_hal_rcc.o
 .debug_ranges  0x0000000000000700      0x1c0 ./Drivers/STM32F1xx_HAL_Driver/Src/stm32f1xx_hal_spi.o
 .debug_ranges  0x00000000000008c0      0x3c0 ./Drivers/STM32F1xx_HAL_Driver/Src/stm32f1xx_hal_tim.o
 .debug_ranges  0x0000000000000c80      0x158 ./Drivers/STM32F1xx_HAL_Driver/Src/stm32f1xx_hal_tim_ex.o

.debug_macro    0x0000000000000000     0x1709
 .debug_macro   0x0000000000000000      0x1b7 ./Core/Src/i2c-lcd.o
 .debug_macro   0x00000000000001b7      0x1ca ./Core/Src/main.o
 .debug_macro   0x0000000000000381      0x1bc ./Core/Src/stm32f1xx_hal_msp.o
 .debug_macro   0x000000000000053d      0x1c6 ./Core/Src/stm32f1xx_it.o
 .debug_macro   0x0000000000000703      0x1ad ./Core/Src/system_stm32f1xx.o
 .debug_macro   0x00000000000008b0      0x1d1 ./Drivers/STM32F1xx_HAL_Driver/Src/stm32f1xx_hal.o
 .debug_macro   0x0000000000000a81      0x1ad ./Drivers/STM32F1xx_HAL_Driver/Src/stm32f1xx_hal_cortex.o
 .debug_macro   0x0000000000000c2e      0x218 ./Drivers/STM32F1xx_HAL_Driver/Src/stm32f1xx_hal_gpio.o
 .debug_macro   0x0000000000000e46      0x1f4 ./Drivers/STM32F1xx_HAL_Driver/Src/stm32f1xx_hal_i2c.o
 .debug_macro   0x000000000000103a      0x1bf ./Drivers/STM32F1xx_HAL_Driver/Src/stm32f1xx_hal_rcc.o
 .debug_macro   0x00000000000011f9      0x1b5 ./Drivers/STM32F1xx_HAL_Driver/Src/stm32f1xx_hal_spi.o
 .debug_macro   0x00000000000013ae      0x1ae ./Drivers/STM32F1xx_HAL_Driver/Src/stm32f1xx_hal_tim.o
 .debug_macro   0x000000000000155c      0x1ad ./Drivers/STM32F1xx_HAL_Driver/Src/stm32f1xx_hal_tim_ex.o

.debug_line     0x0000000000000000     0xfd3a
 .debug_line    0x0000000000000000      0x7e9 ./Core/Src/i2c-lcd.o
 .debug_line    0x00000000000007e9      0xc67 ./Core/Src/main.o
 .debug_line    0x0000000000001450      0x8a1 ./Core/Src/stm32f1xx_hal_msp.o
 .debug_line    0x0000000000001cf1      0x7ca ./Core/Src/stm32f1xx_it.o
 .debug_line    0x00000000000024bb      0x786 ./Core/Src/system_stm32f1xx.o
 .debug_line    0x0000000000002c41       0x87 ./Core/Startup/startup_stm32f103c8tx.o
 .debug_line    0x0000000000002cc8      0x9b3 ./Drivers/STM32F1xx_HAL_Driver/Src/stm32f1xx_hal.o
 .debug_line    0x000000000000367b      0xb9b ./Drivers/STM32F1xx_HAL_Driver/Src/stm32f1xx_hal_cortex.o
 .debug_line    0x0000000000004216      0xa4a ./Drivers/STM32F1xx_HAL_Driver/Src/stm32f1xx_hal_gpio.o
 .debug_line    0x0000000000004c60     0x3a9d ./Drivers/STM32F1xx_HAL_Driver/Src/stm32f1xx_hal_i2c.o
 .debug_line    0x00000000000086fd      0xdc1 ./Drivers/STM32F1xx_HAL_Driver/Src/stm32f1xx_hal_rcc.o
 .debug_line    0x00000000000094be     0x1c38 ./Drivers/STM32F1xx_HAL_Driver/Src/stm32f1xx_hal_spi.o
 .debug_line    0x000000000000b0f6     0x3369 ./Drivers/STM32F1xx_HAL_Driver/Src/stm32f1xx_hal_tim.o
 .debug_line    0x000000000000e45f     0x18db ./Drivers/STM32F1xx_HAL_Driver/Src/stm32f1xx_hal_tim_ex.o

.debug_str      0x0000000000000000    0x88503
 .debug_str     0x0000000000000000    0x844ff ./Core/Src/i2c-lcd.o
                                      0x848b8 (size before relaxing)
 .debug_str     0x00000000000844ff      0xd7b ./Core/Src/main.o
                                      0x85671 (size before relaxing)
 .debug_str     0x000000000008527a       0xf3 ./Core/Src/stm32f1xx_hal_msp.o
                                      0x85227 (size before relaxing)
 .debug_str     0x000000000008536d       0xc9 ./Core/Src/stm32f1xx_it.o
                                      0x8481d (size before relaxing)
 .debug_str     0x0000000000085436       0x7e ./Core/Src/system_stm32f1xx.o
                                      0x84420 (size before relaxing)
 .debug_str     0x00000000000854b4       0x36 ./Core/Startup/startup_stm32f103c8tx.o
                                         0x69 (size before relaxing)
 .debug_str     0x00000000000854ea      0x5fd ./Drivers/STM32F1xx_HAL_Driver/Src/stm32f1xx_hal.o
                                      0x84b53 (size before relaxing)
 .debug_str     0x0000000000085ae7      0x2bb ./Drivers/STM32F1xx_HAL_Driver/Src/stm32f1xx_hal_cortex.o
                                      0x84a9f (size before relaxing)
 .debug_str     0x0000000000085da2      0x2d5 ./Drivers/STM32F1xx_HAL_Driver/Src/stm32f1xx_hal_gpio.o
                                      0x847a6 (size before relaxing)
 .debug_str     0x0000000000086077      0xb6a ./Drivers/STM32F1xx_HAL_Driver/Src/stm32f1xx_hal_i2c.o
                                      0x85494 (size before relaxing)
 .debug_str     0x0000000000086be1      0x209 ./Drivers/STM32F1xx_HAL_Driver/Src/stm32f1xx_hal_rcc.o
                                      0x8484f (size before relaxing)
 .debug_str     0x0000000000086dea      0x52f ./Drivers/STM32F1xx_HAL_Driver/Src/stm32f1xx_hal_spi.o
                                      0x84d4c (size before relaxing)
 .debug_str     0x0000000000087319      0xd57 ./Drivers/STM32F1xx_HAL_Driver/Src/stm32f1xx_hal_tim.o
                                      0x8583a (size before relaxing)
 .debug_str     0x0000000000088070      0x493 ./Drivers/STM32F1xx_HAL_Driver/Src/stm32f1xx_hal_tim_ex.o
                                      0x85056 (size before relaxing)

.comment        0x0000000000000000       0x50
 .comment       0x0000000000000000       0x50 ./Core/Src/i2c-lcd.o
                                         0x51 (size before relaxing)
 .comment       0x0000000000000050       0x51 ./Core/Src/main.o
 .comment       0x0000000000000050       0x51 ./Core/Src/stm32f1xx_hal_msp.o
 .comment       0x0000000000000050       0x51 ./Core/Src/stm32f1xx_it.o
 .comment       0x0000000000000050       0x51 ./Core/Src/system_stm32f1xx.o
 .comment       0x0000000000000050       0x51 ./Drivers/STM32F1xx_HAL_Driver/Src/stm32f1xx_hal.o
 .comment       0x0000000000000050       0x51 ./Drivers/STM32F1xx_HAL_Driver/Src/stm32f1xx_hal_cortex.o
 .comment       0x0000000000000050       0x51 ./Drivers/STM32F1xx_HAL_Driver/Src/stm32f1xx_hal_gpio.o
 .comment       0x0000000000000050       0x51 ./Drivers/STM32F1xx_HAL_Driver/Src/stm32f1xx_hal_i2c.o
 .comment       0x0000000000000050       0x51 ./Drivers/STM32F1xx_HAL_Driver/Src/stm32f1xx_hal_rcc.o
 .comment       0x0000000000000050       0x51 ./Drivers/STM32F1xx_HAL_Driver/Src/stm32f1xx_hal_spi.o
 .comment       0x0000000000000050       0x51 ./Drivers/STM32F1xx_HAL_Driver/Src/stm32f1xx_hal_tim.o
 .comment       0x0000000000000050       0x51 ./Drivers/STM32F1xx_HAL_Driver/Src/stm32f1xx_hal_tim_ex.o

.debug_frame    0x0000000000000000     0x3dac
 .debug_frame   0x0000000000000000       0xe0 ./Core/Src/i2c-lcd.o
 .debug_frame   0x00000000000000e0      0x2b4 ./Core/Src/main.o
 .debug_frame   0x0000000000000394      0x13c ./Core/Src/stm32f1xx_hal_msp.o
 .debug_frame   0x00000000000004d0      0x104 ./Core/Src/stm32f1xx_it.o
 .debug_frame   0x00000000000005d4       0x58 ./Core/Src/system_stm32f1xx.o
 .debug_frame   0x000000000000062c      0x334 ./Drivers/STM32F1xx_HAL_Driver/Src/stm32f1xx_hal.o
 .debug_frame   0x0000000000000960      0x428 ./Drivers/STM32F1xx_HAL_Driver/Src/stm32f1xx_hal_cortex.o
 .debug_frame   0x0000000000000d88      0x14c ./Drivers/STM32F1xx_HAL_Driver/Src/stm32f1xx_hal_gpio.o
 .debug_frame   0x0000000000000ed4      0xc5c ./Drivers/STM32F1xx_HAL_Driver/Src/stm32f1xx_hal_i2c.o
 .debug_frame   0x0000000000001b30      0x21c ./Drivers/STM32F1xx_HAL_Driver/Src/stm32f1xx_hal_rcc.o
 .debug_frame   0x0000000000001d4c      0x824 ./Drivers/STM32F1xx_HAL_Driver/Src/stm32f1xx_hal_spi.o
 .debug_frame   0x0000000000002570     0x11b8 ./Drivers/STM32F1xx_HAL_Driver/Src/stm32f1xx_hal_tim.o
 .debug_frame   0x0000000000003728      0x638 ./Drivers/STM32F1xx_HAL_Driver/Src/stm32f1xx_hal_tim_ex.o
 .debug_frame   0x0000000000003d60       0x2c c:/program files (x86)/st/stm32cubeide_1.10.1/stm32cubeide/plugins/com.st.stm32cube.ide.mcu.externaltools.gnu-tools-for-stm32.10.3-2021.10.win32_1.0.0.202111181127/tools/bin/../lib/gcc/arm-none-eabi/10.3.1/../../../../arm-none-eabi/lib/thumb/v7-m/nofp\libc_nano.a(lib_a-init.o)
 .debug_frame   0x0000000000003d8c       0x20 c:/program files (x86)/st/stm32cubeide_1.10.1/stm32cubeide/plugins/com.st.stm32cube.ide.mcu.externaltools.gnu-tools-for-stm32.10.3-2021.10.win32_1.0.0.202111181127/tools/bin/../lib/gcc/arm-none-eabi/10.3.1/../../../../arm-none-eabi/lib/thumb/v7-m/nofp\libc_nano.a(lib_a-memset.o)
