<html>
<body>
<pre>
<h1>µVision Build Log</h1>
<h2>Tool Versions:</h2>
IDE-Version: µVision V5.31.0.0
Copyright (C) 2020 ARM Ltd and ARM Germany GmbH. All rights reserved.
License Information: the tuan, a, LIC=14HV2-9B04E-RA3DM-X4YNB-XPR1L-1HZC3
 
Tool Versions:
Toolchain:       MDK-ARM Plus  Version: 5.31.0.0
Toolchain Path:  C:\Keil_v5\ARM\ARMCC\Bin
C Compiler:      Armcc.exe V5.06 update 6 (build 750)
Assembler:       Armasm.exe V5.06 update 6 (build 750)
Linker/Locator:  ArmLink.exe V5.06 update 6 (build 750)
Library Manager: ArmAr.exe V5.06 update 6 (build 750)
Hex Converter:   FromElf.exe V5.06 update 6 (build 750)
CPU DLL:         SARMCM3.DLL V5.31.0.0
Dialog DLL:      DCM.DLL V1.17.3.0
Target DLL:      STLink\ST-LINKIII-KEIL_SWO.dll V3.0.7.0
Dialog DLL:      TCM.DLL V1.46.0.0
 
<h2>Project:</h2>
D:\Proteus-Project\Project STM32\Project_BTL\MDK-ARM\Project_BTL.uvprojx
Project File Date:  12/04/2022

<h2>Output:</h2>
*** Using Compiler 'V5.06 update 6 (build 750)', folder: 'C:\Keil_v5\ARM\ARMCC\Bin'
Build target 'Project_BTL'
compiling main.c...
../Core/Src/main.c(197): warning:  #111-D: statement is unreachable
  	HAL_Delay(20);
../Core/Src/main.c(369): warning:  #223-D: function "strlen" declared implicitly
  	for(j=1;j <= strlen(DuLieu)-16;j++)
../Core/Src/main.c(574): warning:  #188-D: enumerated type mixed with another type
  	HAL_GPIO_WritePin(LED_GPIO_Port, LED_Pin, 0);
../Core/Src/main.c(589): warning:  #188-D: enumerated type mixed with another type
  				HAL_GPIO_WritePin(LED_GPIO_Port, LED_Pin, 1);
../Core/Src/main.c(591): warning:  #188-D: enumerated type mixed with another type
  					HAL_GPIO_WritePin(LED_GPIO_Port, LED_Pin, 0);
../Core/Src/main.c(595): warning:  #188-D: enumerated type mixed with another type
  				else if(PS2.L1){HAL_GPIO_WritePin(LED_GPIO_Port, LED_Pin, 0);
../Core/Src/main.c(599): warning:  #188-D: enumerated type mixed with another type
  				else if(PS2.R1){HAL_GPIO_WritePin(LED_GPIO_Port, LED_Pin, 0);
../Core/Src/main.c(603): warning:  #188-D: enumerated type mixed with another type
  				else if(PS2.L2){HAL_GPIO_WritePin(LED_GPIO_Port, LED_Pin, 0);
../Core/Src/main.c(608): warning:  #188-D: enumerated type mixed with another type
  					HAL_GPIO_WritePin(LED_GPIO_Port, LED_Pin, 0);
../Core/Src/main.c(613): warning:  #188-D: enumerated type mixed with another type
  					HAL_GPIO_WritePin(LED_GPIO_Port, LED_Pin, 0);
../Core/Src/main.c(618): warning:  #188-D: enumerated type mixed with another type
  					HAL_GPIO_WritePin(LED_GPIO_Port, LED_Pin, 0);
../Core/Src/main.c(623): warning:  #188-D: enumerated type mixed with another type
  					HAL_GPIO_WritePin(LED_GPIO_Port, LED_Pin, 0);
../Core/Src/main.c(628): warning:  #188-D: enumerated type mixed with another type
  					HAL_GPIO_WritePin(LED_GPIO_Port, LED_Pin, 0);
../Core/Src/main.c(633): warning:  #188-D: enumerated type mixed with another type
  					HAL_GPIO_WritePin(LED_GPIO_Port, LED_Pin, 0);
../Core/Src/main.c(652): warning:  #188-D: enumerated type mixed with another type
  				HAL_GPIO_WritePin(LED_GPIO_Port, LED_Pin, 1);
../Core/Src/main.c(688): warning:  #188-D: enumerated type mixed with another type
  					HAL_GPIO_WritePin(LED_GPIO_Port, LED_Pin, 0);
../Core/Src/main.c: 16 warnings, 0 errors
linking...
Program Size: Code=20044 RO-data=684 RW-data=132 ZI-data=2508  
FromELF: creating hex file...
"Project_BTL\Project_BTL.axf" - 0 Error(s), 16 Warning(s).

<h2>Software Packages used:</h2>

Package Vendor: ARM
                http://www.keil.com/pack/ARM.CMSIS.5.7.0.pack
                ARM.CMSIS.5.7.0
                CMSIS (Cortex Microcontroller Software Interface Standard)
   * Component: CORE Version: 5.4.0

Package Vendor: Keil
                http://www.keil.com/pack/Keil.STM32F1xx_DFP.2.4.0.pack
                Keil.STM32F1xx_DFP.2.4.0
                STMicroelectronics STM32F1 Series Device Support, Drivers and Examples

<h2>Collection of Component include folders:</h2>
  .\RTE\_Project_BTL
  C:\Users\Asus\AppData\Local\Arm\Packs\ARM\CMSIS\5.7.0\CMSIS\Core\Include
  C:\Users\Asus\AppData\Local\Arm\Packs\Keil\STM32F1xx_DFP\2.4.0\Device\Include

<h2>Collection of Component Files used:</h2>

   * Component: ARM::CMSIS:CORE:5.4.0
      Include file:  CMSIS\Core\Include\tz_context.h
Build Time Elapsed:  00:00:01
</pre>
</body>
</html>
