Component: ARM Compiler 5.06 update 6 (build 750) Tool: armlink [4d35ed]

==============================================================================

Section Cross References

    startup_stm32f103xb.o(STACK) refers (Special) to heapauxi.o(.text) for __use_two_region_memory
    startup_stm32f103xb.o(HEAP) refers (Special) to heapauxi.o(.text) for __use_two_region_memory
    startup_stm32f103xb.o(RESET) refers (Special) to heapauxi.o(.text) for __use_two_region_memory
    startup_stm32f103xb.o(RESET) refers to startup_stm32f103xb.o(STACK) for __initial_sp
    startup_stm32f103xb.o(RESET) refers to startup_stm32f103xb.o(.text) for Reset_Handler
    startup_stm32f103xb.o(RESET) refers to stm32f1xx_it.o(i.NMI_Handler) for NMI_Handler
    startup_stm32f103xb.o(RESET) refers to stm32f1xx_it.o(i.HardFault_Handler) for HardFault_Handler
    startup_stm32f103xb.o(RESET) refers to stm32f1xx_it.o(i.MemManage_Handler) for MemManage_Handler
    startup_stm32f103xb.o(RESET) refers to stm32f1xx_it.o(i.BusFault_Handler) for BusFault_Handler
    startup_stm32f103xb.o(RESET) refers to stm32f1xx_it.o(i.UsageFault_Handler) for UsageFault_Handler
    startup_stm32f103xb.o(RESET) refers to stm32f1xx_it.o(i.SVC_Handler) for SVC_Handler
    startup_stm32f103xb.o(RESET) refers to stm32f1xx_it.o(i.DebugMon_Handler) for DebugMon_Handler
    startup_stm32f103xb.o(RESET) refers to stm32f1xx_it.o(i.PendSV_Handler) for PendSV_Handler
    startup_stm32f103xb.o(RESET) refers to stm32f1xx_it.o(i.SysTick_Handler) for SysTick_Handler
    startup_stm32f103xb.o(.text) refers (Special) to heapauxi.o(.text) for __use_two_region_memory
    startup_stm32f103xb.o(.text) refers to system_stm32f1xx.o(i.SystemInit) for SystemInit
    startup_stm32f103xb.o(.text) refers to __main.o(!!!main) for __main
    startup_stm32f103xb.o(.text) refers to startup_stm32f103xb.o(HEAP) for Heap_Mem
    startup_stm32f103xb.o(.text) refers to startup_stm32f103xb.o(STACK) for Stack_Mem
    i2c-lcd.o(i.lcd_clear) refers to i2c-lcd.o(i.lcd_send_cmd) for lcd_send_cmd
    i2c-lcd.o(i.lcd_clear) refers to i2c-lcd.o(i.lcd_send_data) for lcd_send_data
    i2c-lcd.o(i.lcd_init) refers to stm32f1xx_hal.o(i.HAL_Delay) for HAL_Delay
    i2c-lcd.o(i.lcd_init) refers to i2c-lcd.o(i.lcd_send_cmd) for lcd_send_cmd
    i2c-lcd.o(i.lcd_put_cur) refers to i2c-lcd.o(i.lcd_send_cmd) for lcd_send_cmd
    i2c-lcd.o(i.lcd_send_cmd) refers to stm32f1xx_hal_i2c.o(i.HAL_I2C_Master_Transmit) for HAL_I2C_Master_Transmit
    i2c-lcd.o(i.lcd_send_cmd) refers to main.o(.bss) for hi2c1
    i2c-lcd.o(i.lcd_send_data) refers to stm32f1xx_hal_i2c.o(i.HAL_I2C_Master_Transmit) for HAL_I2C_Master_Transmit
    i2c-lcd.o(i.lcd_send_data) refers to main.o(.bss) for hi2c1
    i2c-lcd.o(i.lcd_send_string) refers to i2c-lcd.o(i.lcd_send_data) for lcd_send_data
    ps2.o(i.PS2_AnalogMode) refers to ps2.o(i.PS2_Cmd) for PS2_Cmd
    ps2.o(i.PS2_AnalogMode) refers to ps2.o(.constdata) for .constdata
    ps2.o(i.PS2_Cmd) refers to stm32f1xx_hal_gpio.o(i.HAL_GPIO_WritePin) for HAL_GPIO_WritePin
    ps2.o(i.PS2_Cmd) refers to ps2.o(i.delay_us) for delay_us
    ps2.o(i.PS2_Cmd) refers to ps2.o(i.PS2_SendByte) for PS2_SendByte
    ps2.o(i.PS2_EnterConfig) refers to ps2.o(i.PS2_Cmd) for PS2_Cmd
    ps2.o(i.PS2_EnterConfig) refers to ps2.o(.constdata) for .constdata
    ps2.o(i.PS2_ExitConfig) refers to ps2.o(i.PS2_Cmd) for PS2_Cmd
    ps2.o(i.PS2_Init) refers to stm32f1xx_hal_tim.o(i.HAL_TIM_Base_Start) for HAL_TIM_Base_Start
    ps2.o(i.PS2_Init) refers to ps2.o(i.PS2_Poll) for PS2_Poll
    ps2.o(i.PS2_Init) refers to ps2.o(i.PS2_EnterConfig) for PS2_EnterConfig
    ps2.o(i.PS2_Init) refers to ps2.o(i.PS2_AnalogMode) for PS2_AnalogMode
    ps2.o(i.PS2_Init) refers to ps2.o(i.PS2_ExitConfig) for PS2_ExitConfig
    ps2.o(i.PS2_Init) refers to ps2.o(.data) for .data
    ps2.o(i.PS2_Poll) refers to ps2.o(i.PS2_Cmd) for PS2_Cmd
    ps2.o(i.PS2_Poll) refers to ps2.o(.constdata) for .constdata
    ps2.o(i.PS2_SendByte) refers to stm32f1xx_hal_gpio.o(i.HAL_GPIO_WritePin) for HAL_GPIO_WritePin
    ps2.o(i.PS2_SendByte) refers to ps2.o(i.delay_us) for delay_us
    ps2.o(i.PS2_SendByte) refers to stm32f1xx_hal_gpio.o(i.HAL_GPIO_ReadPin) for HAL_GPIO_ReadPin
    ps2.o(i.PS2_Update) refers to ps2.o(i.PS2_Cmd) for PS2_Cmd
    ps2.o(i.PS2_Update) refers to ps2.o(.constdata) for .constdata
    ps2.o(i.PS2_Update) refers to ps2.o(.data) for .data
    ps2.o(i.delay_us) refers to ps2.o(.data) for .data
    rc522.o(i.TM_MFRC522_AntennaOff) refers to rc522.o(i.TM_MFRC522_ClearBitMask) for TM_MFRC522_ClearBitMask
    rc522.o(i.TM_MFRC522_AntennaOn) refers to rc522.o(i.TM_MFRC522_ReadRegister) for TM_MFRC522_ReadRegister
    rc522.o(i.TM_MFRC522_AntennaOn) refers to rc522.o(i.TM_MFRC522_SetBitMask) for TM_MFRC522_SetBitMask
    rc522.o(i.TM_MFRC522_Anticoll) refers to rc522.o(i.TM_MFRC522_WriteRegister) for TM_MFRC522_WriteRegister
[...]
    .constdata                               0x08004f80   Section       40  _printf_hex_int_ptr.o(.constdata)
    uc_hextab                                0x08004f80   Data          20  _printf_hex_int_ptr.o(.constdata)
    lc_hextab                                0x08004f94   Data          20  _printf_hex_int_ptr.o(.constdata)
    .constdata                               0x08004fa8   Section       17  __printf_flags_ss_wp.o(.constdata)
    maptable                                 0x08004fa8   Data          17  __printf_flags_ss_wp.o(.constdata)
    .constdata                               0x08004fb9   Section        4  sys_io.o(.constdata)
    .constdata                               0x08004fbd   Section        4  sys_io.o(.constdata)
    .constdata                               0x08004fc1   Section        4  sys_io.o(.constdata)
    locale$$data                             0x08004fe8   Section      272  lc_ctype_c.o(locale$$data)
    __lcctype_c_name                         0x08004fec   Data           2  lc_ctype_c.o(locale$$data)
    __lcctype_c_start                        0x08004ff4   Data           0  lc_ctype_c.o(locale$$data)
    __lcctype_c_end                          0x080050f8   Data           0  lc_ctype_c.o(locale$$data)
    .data                                    0x20000000   Section        8  ps2.o(.data)
    .data                                    0x20000008   Section       96  main.o(.data)
    .data                                    0x20000068   Section       12  stm32f1xx_hal.o(.data)
    .data                                    0x20000074   Section        4  system_stm32f1xx.o(.data)
    .data                                    0x20000078   Section        4  stdio_streams.o(.data)
    .data                                    0x2000007c   Section        4  stdio_streams.o(.data)
    .data                                    0x20000080   Section        4  stdio_streams.o(.data)
    .bss                                     0x20000084   Section      620  main.o(.bss)
    .bss                                     0x200002f0   Section       84  stdio_streams.o(.bss)
    .bss                                     0x20000344   Section       84  stdio_streams.o(.bss)
    .bss                                     0x20000398   Section       84  stdio_streams.o(.bss)
    .bss                                     0x200003ec   Section       96  libspace.o(.bss)
    HEAP                                     0x20000450   Section      512  startup_stm32f103xb.o(HEAP)
    Heap_Mem                                 0x20000450   Data         512  startup_stm32f103xb.o(HEAP)
    STACK                                    0x20000650   Section     1024  startup_stm32f103xb.o(STACK)
    Stack_Mem                                0x20000650   Data        1024  startup_stm32f103xb.o(STACK)
    __initial_sp                             0x20000a50   Data           0  startup_stm32f103xb.o(STACK)

    Global Symbols

    Symbol Name                              Value     Ov Type        Size  Object(Section)

    BuildAttributes$$THM_ISAv4$P$D$K$B$S$PE$A:L22UL41UL21$X:L11$S22US41US21$IEEE1$IW$USESV6$~STKCKD$USESV7$~SHL$OTIME$ROPI$EBA8$UX$STANDARDLIB$REQ8$PRES8$EABIv2 0x00000000   Number         0  anon$$obj.o ABSOLUTE
    __ARM_use_no_argv                        0x00000000   Number         0  main.o ABSOLUTE
    _printf_flags                            0x00000000   Number         0  printf_stubs.o ABSOLUTE
    _printf_return_value                     0x00000000   Number         0  printf_stubs.o ABSOLUTE
    _printf_sizespec                         0x00000000   Number         0  printf_stubs.o ABSOLUTE
    _printf_widthprec                        0x00000000   Number         0  printf_stubs.o ABSOLUTE
    __ARM_exceptions_init                     - Undefined Weak Reference
    __alloca_initialize                       - Undefined Weak Reference
    __arm_preinit_                            - Undefined Weak Reference
    __cpp_initialize__aeabi_                  - Undefined Weak Reference
    __cxa_finalize                            - Undefined Weak Reference
    __sigvec_lookup                           - Undefined Weak Reference
    __user_heap_extent                        - Undefined Weak Reference
    _atexit_init                              - Undefined Weak Reference
    _call_atexit_fns                          - Undefined Weak Reference
    _clock_init                               - Undefined Weak Reference
    _fp_trap_init                             - Undefined Weak Reference
    _fp_trap_shutdown                         - Undefined Weak Reference
    _get_lc_collate                           - Undefined Weak Reference
    _get_lc_monetary                          - Undefined Weak Reference
    _get_lc_numeric                           - Undefined Weak Reference
    _get_lc_time                              - Undefined Weak Reference
    _getenv_init                              - Undefined Weak Reference
    _handle_redirection                       - Undefined Weak Reference
    _mutex_acquire                            - Undefined Weak Reference
    _mutex_free                               - Undefined Weak Reference
    _mutex_release                            - Undefined Weak Reference
    _printf_mbtowc                            - Undefined Weak Reference
    _printf_wc                                - Undefined Weak Reference
    _rand_init                                - Undefined Weak Reference
    _signal_finish                            - Undefined Weak Reference
    _signal_init                              - Undefined Weak Reference
    __Vectors_Size                           0x000000ec   Number         0  startup_stm32f103xb.o ABSOLUTE
    __Vectors                                0x08000000   Data           4  startup_stm32f103xb.o(RESET)
    __Vectors_End                            0x080000ec   Data           0  startup_stm32f103xb.o(RESET)
    __main                                   0x080000ed   Thumb Code     8  __main.o(!!!main)
    __scatterload                            0x080000f5   Thumb Code     0  __scatter.o(!!!scatter)
    __scatterload_rt2                        0x080000f5   Thumb Code    44  __scatter.o(!!!scatter)
    __scatterload_rt2_thumb_only             0x080000f5   Thumb Code     0  __scatter.o(!!!scatter)
    __scatterload_null                       0x08000103   Thumb Code     0  __scatter.o(!!!scatter)
    __scatterload_copy                       0x08000129   Thumb Code    26  __scatter_copy.o(!!handler_copy)
    __scatterload_zeroinit                   0x08000145   Thumb Code    28  __scatter_zi.o(!!handler_zi)
    _printf_n                                0x08000161   Thumb Code     0  _printf_n.o(.ARM.Collect$$_printf_percent$$00000001)
    _printf_percent                          0x08000161   Thumb Code     0  _printf_percent.o(.ARM.Collect$$_printf_percent$$00000000)
    _printf_p                                0x08000167   Thumb Code     0  _printf_p.o(.ARM.Collect$$_printf_percent$$00000002)
    _printf_i                                0x0800016d   Thumb Code     0  _printf_i.o(.ARM.Collect$$_printf_percent$$00000008)
    _printf_d                                0x08000173   Thumb Code     0  _printf_d.o(.ARM.Collect$$_printf_percent$$00000009)
    _printf_u                                0x08000179   Thumb Code     0  _printf_u.o(.ARM.Collect$$_printf_percent$$0000000A)
    _printf_o                                0x0800017f   Thumb Code     0  _printf_o.o(.ARM.Collect$$_printf_percent$$0000000B)
    _printf_x                                0x08000185   Thumb Code     0  _printf_x.o(.ARM.Collect$$_printf_percent$$0000000C)
    _printf_l                                0x0800018b   Thumb Code     0  _printf_l.o(.ARM.Collect$$_printf_percent$$00000012)
    _printf_c                                0x08000195   Thumb Code     0  _printf_c.o(.ARM.Collect$$_printf_percent$$00000013)
    _printf_s                                0x0800019b   Thumb Code     0  _printf_s.o(.ARM.Collect$$_printf_percent$$00000014)
    _printf_lc                               0x080001a1   Thumb Code     0  _printf_lc.o(.ARM.Collect$$_printf_percent$$00000015)
    _printf_percent_end                      0x080001a7   Thumb Code     0  _printf_percent_end.o(.ARM.Collect$$_printf_percent$$00000017)
    __rt_lib_init                            0x080001ab   Thumb Code     0  libinit.o(.ARM.Collect$$libinit$$00000000)
    __rt_lib_init_fp_1                       0x080001ad   Thumb Code     0  libinit2.o(.ARM.Collect$$libinit$$00000002)
    __rt_lib_init_heap_2                     0x080001ad   Thumb Code     0  libinit2.o(.ARM.Collect$$libinit$$00000005)
    __rt_lib_init_preinit_1                  0x080001ad   Thumb Code     0  libinit2.o(.ARM.Collect$$libinit$$00000004)
    __rt_lib_init_heap_1                     0x080001b5   Thumb Code     0  libinit2.o(.ARM.Collect$$libinit$$0000000A)
    __rt_lib_init_lc_common                  0x080001b5   Thumb Code     0  libinit2.o(.ARM.Collect$$libinit$$0000000F)
    __rt_lib_init_rand_1                     0x080001b5   Thumb Code     0  libinit2.o(.ARM.Collect$$libinit$$0000000E)
    __rt_lib_init_user_alloc_1               0x080001b5   Thumb Code     0  libinit2.o(.ARM.Collect$$libinit$$0000000C)
    __rt_lib_init_lc_collate_1               0x080001bb   Thumb Code     0  libinit2.o(.ARM.Collect$$libinit$$00000011)
    __rt_lib_init_lc_ctype_2                 0x080001bb   Thumb Code     0  libinit2.o(.ARM.Collect$$libinit$$00000012)
    __rt_lib_init_atexit_1                   0x080001c7   Thumb Code     0  libinit2.o(.ARM.Collect$$libinit$$0000001B)
    __rt_lib_init_clock_1                    0x080001c7   Thumb Code     0  libinit2.o(.ARM.Collect$$libinit$$00000021)
    __rt_lib_init_fp_trap_1                  0x080001c7   Thumb Code     0  libinit2.o(.ARM.Collect$$libinit$$0000001F)
    __rt_lib_init_getenv_1                   0x080001c7   Thumb Code     0  libinit2.o(.ARM.Collect$$libinit$$00000023)
    __rt_lib_init_lc_ctype_1                 0x080001c7   Thumb Code     0  libinit2.o(.ARM.Collect$$libinit$$00000013)
    __rt_lib_init_lc_monetary_1              0x080001c7   Thumb Code     0  libinit2.o(.ARM.Collect$$libinit$$00000015)
    __rt_lib_init_lc_numeric_1               0x080001c7   Thumb Code     0  libinit2.o(.ARM.Collect$$libinit$$00000017)
    __rt_lib_init_lc_time_1                  0x080001c7   Thumb Code     0  libinit2.o(.ARM.Collect$$libinit$$00000019)
    __rt_lib_init_signal_1                   0x080001c7   Thumb Code     0  libinit2.o(.ARM.Collect$$libinit$$0000001D)
    __rt_lib_init_stdio_2                    0x080001c7   Thumb Code     0  libinit2.o(.ARM.Collect$$libinit$$00000024)
    __rt_lib_init_alloca_1                   0x080001cb   Thumb Code     0  libinit2.o(.ARM.Collect$$libinit$$0000002E)
    __rt_lib_init_argv_1                     0x080001cb   Thumb Code     0  libinit2.o(.ARM.Collect$$libinit$$0000002C)
    __rt_lib_init_cpp_1                      0x080001cb   Thumb Code     0  libinit2.o(.ARM.Collect$$libinit$$00000032)
    __rt_lib_init_exceptions_1               0x080001cb   Thumb Code     0  libinit2.o(.ARM.Collect$$libinit$$00000030)
    __rt_lib_init_return                     0x080001cb   Thumb Code     0  libinit2.o(.ARM.Collect$$libinit$$00000033)
    __rt_lib_init_stdio_1                    0x080001cb   Thumb Code     0  libinit2.o(.ARM.Collect$$libinit$$00000025)
    __rt_lib_shutdown                        0x080001cd   Thumb Code     0  libshutdown.o(.ARM.Collect$$libshutdown$$00000000)
    __rt_lib_shutdown_cpp_1                  0x080001cf   Thumb Code     0  libshutdown2.o(.ARM.Collect$$libshutdown$$00000002)
    __rt_lib_shutdown_stdio_2                0x080001cf   Thumb Code     0  libshutdown2.o(.ARM.Collect$$libshutdown$$00000003)
    __rt_lib_shutdown_fp_trap_1              0x080001d3   Thumb Code     0  libshutdown2.o(.ARM.Collect$$libshutdown$$00000007)
    __rt_lib_shutdown_heap_1                 0x080001d3   Thumb Code     0  libshutdown2.o(.ARM.Collect$$libshutdown$$0000000F)
    __rt_lib_shutdown_return                 0x080001d3   Thumb Code     0  libshutdown2.o(.ARM.Collect$$libshutdown$$00000010)
    __rt_lib_shutdown_signal_1               0x080001d3   Thumb Code     0  libshutdown2.o(.ARM.Collect$$libshutdown$$0000000A)
    __rt_lib_shutdown_stdio_1                0x080001d3   Thumb Code     0  libshutdown2.o(.ARM.Collect$$libshutdown$$00000004)
    __rt_lib_shutdown_user_alloc_1           0x080001d3   Thumb Code     0  libshutdown2.o(.ARM.Collect$$libshutdown$$0000000C)
    __rt_entry                               0x080001d5   Thumb Code     0  __rtentry.o(.ARM.Collect$$rtentry$$00000000)
    __rt_entry_presh_1                       0x080001d5   Thumb Code     0  __rtentry2.o(.ARM.Collect$$rtentry$$00000002)
    __rt_entry_sh                            0x080001d5   Thumb Code     0  __rtentry4.o(.ARM.Collect$$rtentry$$00000004)
    __rt_entry_li                            0x080001db   Thumb Code     0  __rtentry2.o(.ARM.Collect$$rtentry$$0000000A)
    __rt_entry_postsh_1                      0x080001db   Thumb Code     0  __rtentry2.o(.ARM.Collect$$rtentry$$00000009)
    __rt_entry_main                          0x080001df   Thumb Code     0  __rtentry2.o(.ARM.Collect$$rtentry$$0000000D)
    __rt_entry_postli_1                      0x080001df   Thumb Code     0  __rtentry2.o(.ARM.Collect$$rtentry$$0000000C)
    __rt_exit                                0x080001e7   Thumb Code     0  rtexit.o(.ARM.Collect$$rtexit$$00000000)
    __rt_exit_ls                             0x080001e9   Thumb Code     0  rtexit2.o(.ARM.Collect$$rtexit$$00000003)
    __rt_exit_prels_1                        0x080001e9   Thumb Code     0  rtexit2.o(.ARM.Collect$$rtexit$$00000002)
    __rt_exit_exit                           0x080001ed   Thumb Code     0  rtexit2.o(.ARM.Collect$$rtexit$$00000004)
    Reset_Handler                            0x080001f5   Thumb Code     8  startup_stm32f103xb.o(.text)
    _maybe_terminate_alloc                   0x080001f5   Thumb Code     0  maybetermalloc1.o(.emb_text)
    ADC1_2_IRQHandler                        0x0800020f   Thumb Code     0  startup_stm32f103xb.o(.text)
    CAN1_RX1_IRQHandler                      0x0800020f   Thumb Code     0  startup_stm32f103xb.o(.text)
    CAN1_SCE_IRQHandler                      0x0800020f   Thumb Code     0  startup_stm32f103xb.o(.text)
    DMA1_Channel1_IRQHandler                 0x0800020f   Thumb Code     0  startup_stm32f103xb.o(.text)
    DMA1_Channel2_IRQHandler                 0x0800020f   Thumb Code     0  startup_stm32f103xb.o(.text)
    DMA1_Channel3_IRQHandler                 0x0800020f   Thumb Code     0  startup_stm32f103xb.o(.text)
    DMA1_Channel4_IRQHandler                 0x0800020f   Thumb Code     0  startup_stm32f103xb.o(.text)
    DMA1_Channel5_IRQHandler                 0x0800020f   Thumb Code     0  startup_stm32f103xb.o(.text)
    DMA1_Channel6_IRQHandler                 0x0800020f   Thumb Code     0  startup_stm32f103xb.o(.text)
    DMA1_Channel7_IRQHandler                 0x0800020f   Thumb Code     0  startup_stm32f103xb.o(.text)
    EXTI0_IRQHandler                         0x0800020f   Thumb Code     0  startup_stm32f103xb.o(.text)
    EXTI15_10_IRQHandler                     0x0800020f   Thumb Code     0  startup_stm32f103xb.o(.text)
    EXTI1_IRQHandler                         0x0800020f   Thumb Code     0  startup_stm32f103xb.o(.text)
    EXTI2_IRQHandler                         0x0800020f   Thumb Code     0  startup_stm32f103xb.o(.text)
    EXTI3_IRQHandler                         0x0800020f   Thumb Code     0  startup_stm32f103xb.o(.text)
    EXTI4_IRQHandler                         0x0800020f   Thumb Code     0  startup_stm32f103xb.o(.text)
    EXTI9_5_IRQHandler                       0x0800020f   Thumb Code     0  startup_stm32f103xb.o(.text)
    FLASH_IRQHandler                         0x0800020f   Thumb Code     0  startup_stm32f103xb.o(.text)
    I2C1_ER_IRQHandler                       0x0800020f   Thumb Code     0  startup_stm32f103xb.o(.text)
    I2C1_EV_IRQHandler                       0x0800020f   Thumb Code     0  startup_stm32f103xb.o(.text)
    I2C2_ER_IRQHandler                       0x0800020f   Thumb Code     0  startup_stm32f103xb.o(.text)
    I2C2_EV_IRQHandler                       0x0800020f   Thumb Code     0  startup_stm32f103xb.o(.text)
    PVD_IRQHandler                           0x0800020f   Thumb Code     0  startup_stm32f103xb.o(.text)
    RCC_IRQHandler                           0x0800020f   Thumb Code     0  startup_stm32f103xb.o(.text)
    RTC_Alarm_IRQHandler                     0x0800020f   Thumb Code     0  startup_stm32f103xb.o(.text)
    RTC_IRQHandler                           0x0800020f   Thumb Code     0  startup_stm32f103xb.o(.text)
    SPI1_IRQHandler                          0x0800020f   Thumb Code     0  startup_stm32f103xb.o(.text)
    SPI2_IRQHandler                          0x0800020f   Thumb Code     0  startup_stm32f103xb.o(.text)
    TAMPER_IRQHandler                        0x0800020f   Thumb Code     0  startup_stm32f103xb.o(.text)
    TIM1_BRK_IRQHandler                      0x0800020f   Thumb Code     0  startup_stm32f103xb.o(.text)
    TIM1_CC_IRQHandler                       0x0800020f   Thumb Code     0  startup_stm32f103xb.o(.text)
    TIM1_TRG_COM_IRQHandler                  0x0800020f   Thumb Code     0  startup_stm32f103xb.o(.text)
    TIM1_UP_IRQHandler                       0x0800020f   Thumb Code     0  startup_stm32f103xb.o(.text)
    TIM2_IRQHandler                          0x0800020f   Thumb Code     0  startup_stm32f103xb.o(.text)
    TIM3_IRQHandler                          0x0800020f   Thumb Code     0  startup_stm32f103xb.o(.text)
    TIM4_IRQHandler                          0x0800020f   Thumb Code     0  startup_stm32f103xb.o(.text)
    USART1_IRQHandler                        0x0800020f   Thumb Code     0  startup_stm32f103xb.o(.text)
    USART2_IRQHandler                        0x0800020f   Thumb Code     0  startup_stm32f103xb.o(.text)
    USART3_IRQHandler                        0x0800020f   Thumb Code     0  startup_stm32f103xb.o(.text)
    USBWakeUp_IRQHandler                     0x0800020f   Thumb Code     0  startup_stm32f103xb.o(.text)
    USB_HP_CAN1_TX_IRQHandler                0x0800020f   Thumb Code     0  startup_stm32f103xb.o(.text)
    USB_LP_CAN1_RX0_IRQHandler               0x0800020f   Thumb Code     0  startup_stm32f103xb.o(.text)
    WWDG_IRQHandler                          0x0800020f   Thumb Code     0  startup_stm32f103xb.o(.text)
    __user_initial_stackheap                 0x08000211   Thumb Code     0  startup_stm32f103xb.o(.text)
    __2printf                                0x08000235   Thumb Code    20  noretval__2printf.o(.text)
    _printf_pre_padding                      0x0800024d   Thumb Code    44  _printf_pad.o(.text)
    _printf_post_padding                     0x08000279   Thumb Code    34  _printf_pad.o(.text)
    _printf_truncate_signed                  0x0800029b   Thumb Code    18  _printf_truncate.o(.text)
    _printf_truncate_unsigned                0x080002ad   Thumb Code    18  _printf_truncate.o(.text)
    _printf_str                              0x080002bf   Thumb Code    82  _printf_str.o(.text)
    _printf_int_dec                          0x08000311   Thumb Code   104  _printf_dec.o(.text)
    _printf_charcount                        0x08000389   Thumb Code    40  _printf_charcount.o(.text)
    _printf_wctomb                           0x080003b1   Thumb Code   182  _printf_wctomb.o(.text)
    _printf_int_oct                          0x0800046d   Thumb Code    72  _printf_oct_int.o(.text)
    _printf_longlong_oct                     0x0800046d   Thumb Code     0  _printf_oct_int.o(.text)
    _printf_longlong_hex                     0x080004bd   Thumb Code    78  _printf_hex_int_ptr.o(.text)
    _printf_int_hex                          0x0800050b   Thumb Code    26  _printf_hex_int_ptr.o(.text)
    _printf_hex_ptr                          0x08000525   Thumb Code    16  _printf_hex_int_ptr.o(.text)
    __printf                                 0x08000539   Thumb Code   388  __printf_flags_ss_wp.o(.text)
    strlen                                   0x080006c1   Thumb Code    62  strlen.o(.text)
    __aeabi_memcpy4                          0x080006ff   Thumb Code     0  rt_memcpy_w.o(.text)
    __aeabi_memcpy8                          0x080006ff   Thumb Code     0  rt_memcpy_w.o(.text)
    __rt_memcpy_w                            0x080006ff   Thumb Code   100  rt_memcpy_w.o(.text)
    _memcpy_lastbytes_aligned                0x08000747   Thumb Code     0  rt_memcpy_w.o(.text)
    __aeabi_memclr4                          0x08000763   Thumb Code     0  rt_memclr_w.o(.text)
    __aeabi_memclr8                          0x08000763   Thumb Code     0  rt_memclr_w.o(.text)
    __rt_memclr_w                            0x08000763   Thumb Code    78  rt_memclr_w.o(.text)
    _memset_w                                0x08000767   Thumb Code     0  rt_memclr_w.o(.text)
    __use_two_region_memory                  0x080007b1   Thumb Code     2  heapauxi.o(.text)
    __rt_heap_escrow                         0x080007b3   Thumb Code     2  heapauxi.o(.text)
    __rt_heap_expand                         0x080007b5   Thumb Code     2  heapauxi.o(.text)
    _printf_int_common                       0x080007b7   Thumb Code   178  _printf_intcommon.o(.text)
    _printf_char_common                      0x08000873   Thumb Code    32  _printf_char_common.o(.text)
    _printf_cs_common                        0x08000899   Thumb Code    20  _printf_char.o(.text)
    _printf_char                             0x080008ad   Thumb Code    16  _printf_char.o(.text)
    _printf_string                           0x080008bd   Thumb Code     8  _printf_char.o(.text)
    _printf_char_file                        0x080008c5   Thumb Code    32  _printf_char_file.o(.text)
    _printf_lcs_common                       0x080008e9   Thumb Code    20  _printf_wchar.o(.text)
    _printf_wchar                            0x080008fd   Thumb Code    16  _printf_wchar.o(.text)
    _printf_wstring                          0x0800090d   Thumb Code     8  _printf_wchar.o(.text)
    _wcrtomb                                 0x08000915   Thumb Code    64  _wcrtomb.o(.text)
    __rt_ctype_table                         0x08000955   Thumb Code    16  rt_ctype_table.o(.text)
    ferror                                   0x08000965   Thumb Code     8  ferror.o(.text)
    _initio                                  0x0800096d   Thumb Code   210  initio.o(.text)
    _terminateio                             0x08000a3f   Thumb Code    56  initio.o(.text)
    _sys_open                                0x08000aa5   Thumb Code    20  sys_io.o(.text)
    _sys_close                               0x08000ab9   Thumb Code    12  sys_io.o(.text)
    _sys_write                               0x08000ac5   Thumb Code    16  sys_io.o(.text)
    _sys_read                                0x08000ad5   Thumb Code    14  sys_io.o(.text)
    _sys_istty                               0x08000ae3   Thumb Code    12  sys_io.o(.text)
    _sys_seek                                0x08000aef   Thumb Code    14  sys_io.o(.text)
    _sys_ensure                              0x08000afd   Thumb Code     2  sys_io.o(.text)
    _sys_flen                                0x08000aff   Thumb Code    12  sys_io.o(.text)
    __user_setup_stackheap                   0x08000b0b   Thumb Code    74  sys_stackheap_outer.o(.text)
    __rt_locale                              0x08000b55   Thumb Code     8  rt_locale_intlibspace.o(.text)
    free                                     0x08000b5d   Thumb Code    78  h1_free.o(.text)
    __flsbuf                                 0x08000bab   Thumb Code   470  flsbuf.o(.text)
    __flsbuf_byte                            0x08000bab   Thumb Code     0  flsbuf.o(.text)
    __flsbuf_wide                            0x08000bab   Thumb Code     0  flsbuf.o(.text)
    setvbuf                                  0x08000d81   Thumb Code    70  setvbuf.o(.text)
    freopen                                  0x08000dc9   Thumb Code   158  fopen.o(.text)
    fopen                                    0x08000e67   Thumb Code    74  fopen.o(.text)
    _fclose_internal                         0x08000eb5   Thumb Code    76  fclose.o(.text)
    fclose                                   0x08000eb5   Thumb Code     0  fclose.o(.text)
    exit                                     0x08000f01   Thumb Code    18  exit.o(.text)
    __rt_SIGRTRED                            0x08000f13   Thumb Code    14  defsig_rtred_outer.o(.text)
    __user_libspace                          0x08000f21   Thumb Code     8  libspace.o(.text)
    __user_perproc_libspace                  0x08000f21   Thumb Code     0  libspace.o(.text)
    __user_perthread_libspace                0x08000f21   Thumb Code     0  libspace.o(.text)
    __I$use$semihosting                      0x08000f29   Thumb Code     0  use_no_semi.o(.text)
    __use_no_semihosting_swi                 0x08000f29   Thumb Code     2  use_no_semi.o(.text)
    __semihosting_library_function           0x08000f2b   Thumb Code     0  indicate_semi.o(.text)
    __rt_heap_descriptor                     0x08000f2d   Thumb Code     8  rt_heap_descriptor_intlibspace.o(.text)
    __use_no_heap                            0x08000f35   Thumb Code     2  hguard.o(.text)
    __heap$guard                             0x08000f37   Thumb Code     2  hguard.o(.text)
    _terminate_user_alloc                    0x08000f39   Thumb Code     2  init_alloc.o(.text)
    _init_user_alloc                         0x08000f3b   Thumb Code     2  init_alloc.o(.text)
    __Heap_Full                              0x08000f3d   Thumb Code    34  init_alloc.o(.text)
    __Heap_Broken                            0x08000f5f   Thumb Code     6  init_alloc.o(.text)
    _init_alloc                              0x08000f65   Thumb Code    94  init_alloc.o(.text)
    malloc                                   0x08000fc3   Thumb Code    94  h1_alloc.o(.text)
    _fseek                                   0x08001021   Thumb Code   242  fseek.o(.text)
    fseek                                    0x08001021   Thumb Code     0  fseek.o(.text)
    _seterr                                  0x08001119   Thumb Code    20  stdio.o(.text)
    _writebuf                                0x0800112d   Thumb Code    84  stdio.o(.text)
    _fflush                                  0x08001181   Thumb Code    70  stdio.o(.text)
    _deferredlazyseek                        0x080011c7   Thumb Code    60  stdio.o(.text)
    __sig_exit                               0x08001209   Thumb Code    10  defsig_exit.o(.text)
    __rt_SIGRTRED_inner                      0x08001215   Thumb Code    14  defsig_rtred_inner.o(.text)
    strcmp                                   0x08001249   Thumb Code   128  strcmpv7m.o(.text)
    _sys_exit                                0x080012c9   Thumb Code     8  sys_exit.o(.text)
    __Heap_Initialize                        0x080012d5   Thumb Code    10  h1_init.o(.text)
    __Heap_DescSize                          0x080012df   Thumb Code     4  h1_init.o(.text)
    __Heap_ProvideMemory                     0x080012e3   Thumb Code    52  h1_extend.o(.text)
    _ftell_internal                          0x08001317   Thumb Code    66  ftell.o(.text)
    ftell                                    0x08001317   Thumb Code     0  ftell.o(.text)
    __default_signal_display                 0x08001359   Thumb Code    50  defsig_general.o(.text)
    __rt_SIGRTMEM                            0x0800138b   Thumb Code    14  defsig_rtmem_outer.o(.text)
    _ttywrch                                 0x08001399   Thumb Code    14  sys_wrch.o(.text)
    __aeabi_errno_addr                       0x080013a9   Thumb Code     8  rt_errno_addr_intlibspace.o(.text)
    __errno$intlibspace                      0x080013a9   Thumb Code     0  rt_errno_addr_intlibspace.o(.text)
    __rt_errno_addr$intlibspace              0x080013a9   Thumb Code     0  rt_errno_addr_intlibspace.o(.text)
    __rt_SIGRTMEM_inner                      0x080013b1   Thumb Code    22  defsig_rtmem_inner.o(.text)
    BusFault_Handler                         0x08001401   Thumb Code     2  stm32f1xx_it.o(i.BusFault_Handler)
    CamBien                                  0x08001405   Thumb Code   154  main.o(i.CamBien)
    DebugMon_Handler                         0x080014b5   Thumb Code     2  stm32f1xx_it.o(i.DebugMon_Handler)
    HAL_Delay                                0x080014b9   Thumb Code    32  stm32f1xx_hal.o(i.HAL_Delay)
    HAL_GPIO_Init                            0x080014dd   Thumb Code   446  stm32f1xx_hal_gpio.o(i.HAL_GPIO_Init)
    HAL_GPIO_ReadPin                         0x080016bd   Thumb Code    10  stm32f1xx_hal_gpio.o(i.HAL_GPIO_ReadPin)
    HAL_GPIO_WritePin                        0x080016c7   Thumb Code    10  stm32f1xx_hal_gpio.o(i.HAL_GPIO_WritePin)
    HAL_GetTick                              0x080016d1   Thumb Code     6  stm32f1xx_hal.o(i.HAL_GetTick)
    HAL_I2C_Init                             0x080016dd   Thumb Code   376  stm32f1xx_hal_i2c.o(i.HAL_I2C_Init)
    HAL_I2C_Master_Transmit                  0x08001865   Thumb Code   290  stm32f1xx_hal_i2c.o(i.HAL_I2C_Master_Transmit)
    HAL_I2C_MspInit                          0x08001991   Thumb Code    96  stm32f1xx_hal_msp.o(i.HAL_I2C_MspInit)
    HAL_IncTick                              0x08001a01   Thumb Code    12  stm32f1xx_hal.o(i.HAL_IncTick)
    HAL_Init                                 0x08001a11   Thumb Code    32  stm32f1xx_hal.o(i.HAL_Init)
    HAL_InitTick                             0x08001a35   Thumb Code    54  stm32f1xx_hal.o(i.HAL_InitTick)
    HAL_MspInit                              0x08001a75   Thumb Code    52  stm32f1xx_hal_msp.o(i.HAL_MspInit)
    HAL_NVIC_SetPriority                     0x08001ab1   Thumb Code    60  stm32f1xx_hal_cortex.o(i.HAL_NVIC_SetPriority)
    HAL_NVIC_SetPriorityGrouping             0x08001af1   Thumb Code    26  stm32f1xx_hal_cortex.o(i.HAL_NVIC_SetPriorityGrouping)
    HAL_RCC_ClockConfig                      0x08001b15   Thumb Code   280  stm32f1xx_hal_rcc.o(i.HAL_RCC_ClockConfig)
    HAL_RCC_GetPCLK1Freq                     0x08001c41   Thumb Code    20  stm32f1xx_hal_rcc.o(i.HAL_RCC_GetPCLK1Freq)
    HAL_RCC_GetSysClockFreq                  0x08001c61   Thumb Code    74  stm32f1xx_hal_rcc.o(i.HAL_RCC_GetSysClockFreq)
    HAL_RCC_OscConfig                        0x08001ccd   Thumb Code   778  stm32f1xx_hal_rcc.o(i.HAL_RCC_OscConfig)
    HAL_SPI_Init                             0x08001fed   Thumb Code   178  stm32f1xx_hal_spi.o(i.HAL_SPI_Init)
    HAL_SPI_MspInit                          0x080020a1   Thumb Code    98  stm32f1xx_hal_msp.o(i.HAL_SPI_MspInit)
    HAL_SPI_TransmitReceive                  0x08002111   Thumb Code   482  stm32f1xx_hal_spi.o(i.HAL_SPI_TransmitReceive)
    HAL_SYSTICK_Config                       0x080022f3   Thumb Code    40  stm32f1xx_hal_cortex.o(i.HAL_SYSTICK_Config)
    HAL_TIMEx_MasterConfigSynchronization    0x0800231d   Thumb Code    92  stm32f1xx_hal_tim_ex.o(i.HAL_TIMEx_MasterConfigSynchronization)
    HAL_TIM_Base_Init                        0x08002385   Thumb Code    90  stm32f1xx_hal_tim.o(i.HAL_TIM_Base_Init)
    HAL_TIM_Base_MspInit                     0x080023e1   Thumb Code    96  stm32f1xx_hal_msp.o(i.HAL_TIM_Base_MspInit)
    HAL_TIM_Base_Start                       0x08002451   Thumb Code    66  stm32f1xx_hal_tim.o(i.HAL_TIM_Base_Start)
    HAL_TIM_ConfigClockSource                0x080024a1   Thumb Code   214  stm32f1xx_hal_tim.o(i.HAL_TIM_ConfigClockSource)
    HAL_TIM_MspPostInit                      0x08002579   Thumb Code   156  stm32f1xx_hal_msp.o(i.HAL_TIM_MspPostInit)
    HAL_TIM_PWM_ConfigChannel                0x08002629   Thumb Code   198  stm32f1xx_hal_tim.o(i.HAL_TIM_PWM_ConfigChannel)
    HAL_TIM_PWM_Init                         0x080026ef   Thumb Code    90  stm32f1xx_hal_tim.o(i.HAL_TIM_PWM_Init)
    HAL_TIM_PWM_MspInit                      0x08002749   Thumb Code     2  stm32f1xx_hal_tim.o(i.HAL_TIM_PWM_MspInit)
    HAL_TIM_PWM_Start                        0x0800274d   Thumb Code   144  stm32f1xx_hal_tim.o(i.HAL_TIM_PWM_Start)
    HardFault_Handler                        0x080027e9   Thumb Code     2  stm32f1xx_it.o(i.HardFault_Handler)
    LCD                                      0x08002a4d   Thumb Code   108  main.o(i.LCD)
    MemManage_Handler                        0x08002e61   Thumb Code     2  stm32f1xx_it.o(i.MemManage_Handler)
    NMI_Handler                              0x08002e63   Thumb Code     2  stm32f1xx_it.o(i.NMI_Handler)
    PID_control                              0x08002e65   Thumb Code   190  main.o(i.PID_control)
    PS2_AnalogMode                           0x08002f29   Thumb Code    34  ps2.o(i.PS2_AnalogMode)
    PS2_Cmd                                  0x08002f51   Thumb Code    74  ps2.o(i.PS2_Cmd)
    PS2_EnterConfig                          0x08002fa1   Thumb Code    30  ps2.o(i.PS2_EnterConfig)
    PS2_ExitConfig                           0x08002fc5   Thumb Code    34  ps2.o(i.PS2_ExitConfig)
    PS2_Init                                 0x08002ff5   Thumb Code    36  ps2.o(i.PS2_Init)
    PS2_Poll                                 0x0800301d   Thumb Code    30  ps2.o(i.PS2_Poll)
    PS2_SendByte                             0x08003041   Thumb Code   124  ps2.o(i.PS2_SendByte)
    PS2_Update                               0x080030c1   Thumb Code   216  ps2.o(i.PS2_Update)
    PendSV_Handler                           0x080031a1   Thumb Code     2  stm32f1xx_it.o(i.PendSV_Handler)
    Read_Line                                0x080031a5   Thumb Code   160  main.o(i.Read_Line)
    SM_DOWN                                  0x08003259   Thumb Code    40  main.o(i.SM_DOWN)
    SM_UP                                    0x08003281   Thumb Code    42  main.o(i.SM_UP)
    SVC_Handler                              0x08003385   Thumb Code     2  stm32f1xx_it.o(i.SVC_Handler)
    SysTick_Handler                          0x08003387   Thumb Code     4  stm32f1xx_it.o(i.SysTick_Handler)
    SystemClock_Config                       0x0800338b   Thumb Code    94  main.o(i.SystemClock_Config)
    SystemInit                               0x080033e9   Thumb Code     2  system_stm32f1xx.o(i.SystemInit)
    TIM_Base_SetConfig                       0x080033ed   Thumb Code    94  stm32f1xx_hal_tim.o(i.TIM_Base_SetConfig)
    TIM_CCxChannelCmd                        0x08003459   Thumb Code    26  stm32f1xx_hal_tim.o(i.TIM_CCxChannelCmd)
    TIM_ETR_SetConfig                        0x08003473   Thumb Code    20  stm32f1xx_hal_tim.o(i.TIM_ETR_SetConfig)
    TIM_OC2_SetConfig                        0x080034e9   Thumb Code    84  stm32f1xx_hal_tim.o(i.TIM_OC2_SetConfig)
    TM_MFRC522_AntennaOn                     0x08003623   Thumb Code    26  rc522.o(i.TM_MFRC522_AntennaOn)
    TM_MFRC522_Anticoll                      0x0800363d   Thumb Code    66  rc522.o(i.TM_MFRC522_Anticoll)
    TM_MFRC522_CalculateCRC                  0x0800367f   Thumb Code    94  rc522.o(i.TM_MFRC522_CalculateCRC)
    TM_MFRC522_Check                         0x080036dd   Thumb Code    32  rc522.o(i.TM_MFRC522_Check)
    TM_MFRC522_ClearBitMask                  0x080036fd   Thumb Code    24  rc522.o(i.TM_MFRC522_ClearBitMask)
    TM_MFRC522_Compare                       0x08003715   Thumb Code    28  rc522.o(i.TM_MFRC522_Compare)
    TM_MFRC522_Halt                          0x08003731   Thumb Code    44  rc522.o(i.TM_MFRC522_Halt)
    TM_MFRC522_Init                          0x0800375d   Thumb Code    70  rc522.o(i.TM_MFRC522_Init)
    TM_MFRC522_ReadRegister                  0x080037a5   Thumb Code    52  rc522.o(i.TM_MFRC522_ReadRegister)
    TM_MFRC522_Request                       0x080037dd   Thumb Code    46  rc522.o(i.TM_MFRC522_Request)
    TM_MFRC522_Reset                         0x0800380b   Thumb Code     8  rc522.o(i.TM_MFRC522_Reset)
    TM_MFRC522_SetBitMask                    0x08003813   Thumb Code    24  rc522.o(i.TM_MFRC522_SetBitMask)
    TM_MFRC522_ToCard                        0x0800382b   Thumb Code   276  rc522.o(i.TM_MFRC522_ToCard)
    TM_MFRC522_WriteRegister                 0x08003941   Thumb Code    48  rc522.o(i.TM_MFRC522_WriteRegister)
    TM_SPI_Send                              0x08003975   Thumb Code    46  rc522.o(i.TM_SPI_Send)
    UsageFault_Handler                       0x080039a9   Thumb Code     2  stm32f1xx_it.o(i.UsageFault_Handler)
    ZONE                                     0x080039ad   Thumb Code   124  main.o(i.ZONE)
    _is_digit                                0x08003a5d   Thumb Code    14  __printf_wp.o(i._is_digit)
    delay                                    0x08003a6d   Thumb Code    18  main.o(i.delay)
    delay_us                                 0x08003a85   Thumb Code    20  ps2.o(i.delay_us)
    errors_sum                               0x08003a9d   Thumb Code    42  main.o(i.errors_sum)
    forward_brake                            0x08003acd   Thumb Code    46  main.o(i.forward_brake)
    fputc                                    0x08003b01   Thumb Code    26  fputc.o(i.fputc)
    lcd_clear                                0x08003b1b   Thumb Code    24  i2c-lcd.o(i.lcd_clear)
    lcd_init                                 0x08003b33   Thumb Code   120  i2c-lcd.o(i.lcd_init)
    lcd_put_cur                              0x08003bab   Thumb Code    24  i2c-lcd.o(i.lcd_put_cur)
    lcd_send_cmd                             0x08003bc5   Thumb Code    58  i2c-lcd.o(i.lcd_send_cmd)
    lcd_send_data                            0x08003c05   Thumb Code    58  i2c-lcd.o(i.lcd_send_data)
    lcd_send_string                          0x08003c45   Thumb Code    20  i2c-lcd.o(i.lcd_send_string)
    main                                     0x08003c59   Thumb Code   748  main.o(i.main)
    motor_balance                            0x08003f7d   Thumb Code   182  main.o(i.motor_balance)
    motor_control                            0x0800403d   Thumb Code   254  main.o(i.motor_control)
    past_errors                              0x08004149   Thumb Code    26  main.o(i.past_errors)
    sharp_turn                               0x08004169   Thumb Code    48  main.o(i.sharp_turn)
    stepper_half_drive                       0x080041a9   Thumb Code   186  main.o(i.stepper_half_drive)
    stepper_set_rpm                          0x08004269   Thumb Code    14  main.o(i.stepper_set_rpm)
    value_line                               0x08004279   Thumb Code   154  main.o(i.value_line)
    _get_lc_ctype                            0x08004319   Thumb Code    44  lc_ctype_c.o(locale$$code)
    __aeabi_dadd                             0x08004345   Thumb Code     0  daddsub_clz.o(x$fpl$dadd)
    _dadd                                    0x08004345   Thumb Code   332  daddsub_clz.o(x$fpl$dadd)
    __fpl_dcheck_NaN1                        0x08004495   Thumb Code    10  dcheck1.o(x$fpl$dcheck1)
    __fpl_dcmp_Inf                           0x080044a5   Thumb Code    24  dcmpi.o(x$fpl$dcmpinf)
    __aeabi_cdcmpeq                          0x080044bd   Thumb Code     0  deqf.o(x$fpl$deqf)
    _dcmpeq                                  0x080044bd   Thumb Code   120  deqf.o(x$fpl$deqf)
    __aeabi_d2uiz                            0x08004535   Thumb Code     0  dfixu.o(x$fpl$dfixu)
    _dfixu                                   0x08004535   Thumb Code    90  dfixu.o(x$fpl$dfixu)
    __aeabi_i2d                              0x0800458f   Thumb Code     0  dflt_clz.o(x$fpl$dflt)
    _dflt                                    0x0800458f   Thumb Code    46  dflt_clz.o(x$fpl$dflt)
    __aeabi_ui2d                             0x080045bd   Thumb Code     0  dflt_clz.o(x$fpl$dfltu)
    _dfltu                                   0x080045bd   Thumb Code    38  dflt_clz.o(x$fpl$dfltu)
    __aeabi_cdcmple                          0x080045e5   Thumb Code     0  dleqf.o(x$fpl$dleqf)
    _dcmple                                  0x080045e5   Thumb Code   120  dleqf.o(x$fpl$dleqf)
    __fpl_dcmple_InfNaN                      0x08004647   Thumb Code     0  dleqf.o(x$fpl$dleqf)
    __aeabi_dmul                             0x0800465d   Thumb Code     0  dmul.o(x$fpl$dmul)
    _dmul                                    0x0800465d   Thumb Code   332  dmul.o(x$fpl$dmul)
    __fpl_dnaninf                            0x080047b1   Thumb Code   156  dnaninf.o(x$fpl$dnaninf)
    __fpl_dretinf                            0x0800484d   Thumb Code    12  dretinf.o(x$fpl$dretinf)
    __aeabi_cdrcmple                         0x08004859   Thumb Code     0  drleqf.o(x$fpl$drleqf)
    _drcmple                                 0x08004859   Thumb Code   108  drleqf.o(x$fpl$drleqf)
    __aeabi_dsub                             0x080048c5   Thumb Code     0  daddsub_clz.o(x$fpl$dsub)
    _dsub                                    0x080048c5   Thumb Code   464  daddsub_clz.o(x$fpl$dsub)
    __aeabi_fadd                             0x08004a99   Thumb Code     0  faddsub_clz.o(x$fpl$fadd)
    _fadd                                    0x08004a99   Thumb Code   196  faddsub_clz.o(x$fpl$fadd)
    __aeabi_f2iz                             0x08004b5d   Thumb Code     0  ffix.o(x$fpl$ffix)
    _ffix                                    0x08004b5d   Thumb Code    54  ffix.o(x$fpl$ffix)
    __aeabi_i2f                              0x08004b95   Thumb Code     0  fflt_clz.o(x$fpl$fflt)
    _fflt                                    0x08004b95   Thumb Code    48  fflt_clz.o(x$fpl$fflt)
    __aeabi_fmul                             0x08004bc5   Thumb Code     0  fmul.o(x$fpl$fmul)
    _fmul                                    0x08004bc5   Thumb Code   258  fmul.o(x$fpl$fmul)
    __fpl_fnaninf                            0x08004cc7   Thumb Code   140  fnaninf.o(x$fpl$fnaninf)
    __fpl_fretinf                            0x08004d53   Thumb Code    10  fretinf.o(x$fpl$fretinf)
    __aeabi_fsub                             0x08004d5d   Thumb Code     0  faddsub_clz.o(x$fpl$fsub)
    _fsub                                    0x08004d5d   Thumb Code   234  faddsub_clz.o(x$fpl$fsub)
    __fpl_return_NaN                         0x08004e47   Thumb Code   100  retnan.o(x$fpl$retnan)
    __ARM_scalbn                             0x08004eab   Thumb Code    92  scalbn.o(x$fpl$scalbn)
    __fpl_cmpreturn                          0x08004f07   Thumb Code    48  trapv.o(x$fpl$trapveneer)
    __I$use$fp                               0x08004f36   Number         0  usenofp.o(x$fpl$usenofp)
    AHBPrescTable                            0x08004f5d   Data          16  system_stm32f1xx.o(.constdata)
    APBPrescTable                            0x08004f6d   Data           8  system_stm32f1xx.o(.constdata)
    __stdin_name                             0x08004fb9   Data           4  sys_io.o(.constdata)
    __stdout_name                            0x08004fbd   Data           4  sys_io.o(.constdata)
    __stderr_name                            0x08004fc1   Data           4  sys_io.o(.constdata)
    Region$$Table$$Base                      0x08004fc8   Number         0  anon$$obj.o(Region$$Table)
    Region$$Table$$Limit                     0x08004fe8   Number         0  anon$$obj.o(Region$$Table)
    __ctype                                  0x08004ff5   Data           0  lc_ctype_c.o(locale$$data)
    PS2_PS2                                  0x20000000   Data           4  ps2.o(.data)
    PS2_TIMER                                0x20000004   Data           4  ps2.o(.data)
    Distance                                 0x20000008   Data           2  main.o(.data)
    mode                                     0x2000000c   Data           4  main.o(.data)
    read                                     0x20000010   Data           4  main.o(.data)
    actives                                  0x20000014   Data           4  main.o(.data)
    Kp                                       0x20000018   Data           4  main.o(.data)
    Ki                                       0x2000001c   Data           4  main.o(.data)
    Kd                                       0x20000020   Data           4  main.o(.data)
    Kr                                       0x20000024   Data           4  main.o(.data)
    lastError                                0x20000028   Data           4  main.o(.data)
    last_end                                 0x2000002c   Data           4  main.o(.data)
    last_idle                                0x20000030   Data           4  main.o(.data)
    Value1                                   0x20000034   Data           4  main.o(.data)
    Value2                                   0x20000038   Data           4  main.o(.data)
    position                                 0x2000003c   Data           4  main.o(.data)
    P                                        0x20000040   Data           4  main.o(.data)
    I                                        0x20000044   Data           4  main.o(.data)
    D                                        0x20000048   Data           4  main.o(.data)
    R                                        0x2000004c   Data           4  main.o(.data)
    pMillis                                  0x20000050   Data           4  main.o(.data)
    MyID                                     0x20000054   Data           5  main.o(.data)
    ZoneA                                    0x20000059   Data           5  main.o(.data)
    ZoneB                                    0x2000005e   Data           5  main.o(.data)
    CardID                                   0x20000063   Data           5  main.o(.data)
    uwTickFreq                               0x20000068   Data           1  stm32f1xx_hal.o(.data)
    uwTickPrio                               0x2000006c   Data           4  stm32f1xx_hal.o(.data)
    uwTick                                   0x20000070   Data           4  stm32f1xx_hal.o(.data)
    SystemCoreClock                          0x20000074   Data           4  system_stm32f1xx.o(.data)
    __aeabi_stdin                            0x20000078   Data           4  stdio_streams.o(.data)
    __aeabi_stdout                           0x2000007c   Data           4  stdio_streams.o(.data)
    __aeabi_stderr                           0x20000080   Data           4  stdio_streams.o(.data)
    errors                                   0x20000084   Data          40  main.o(.bss)
    szBuff                                   0x200000ac   Data         100  main.o(.bss)
    PS2                                      0x20000110   Data          20  main.o(.bss)
    hi2c1                                    0x20000124   Data          84  main.o(.bss)
    hspi1                                    0x20000178   Data          88  main.o(.bss)
    htim1                                    0x200001d0   Data          72  main.o(.bss)
    htim2                                    0x20000218   Data          72  main.o(.bss)
    htim3                                    0x20000260   Data          72  main.o(.bss)
    htim4                                    0x200002a8   Data          72  main.o(.bss)
    __stdin                                  0x200002f0   Data          84  stdio_streams.o(.bss)
    __stdout                                 0x20000344   Data          84  stdio_streams.o(.bss)
    __stderr                                 0x20000398   Data          84  stdio_streams.o(.bss)
    __libspace_start                         0x200003ec   Data          96  libspace.o(.bss)
    __temporary_stack_top$libspace           0x2000044c   Data           0  libspace.o(.bss)



==============================================================================

Memory Map of the image

  Image Entry point : 0x080000ed

  Load Region LR_IROM1 (Base: 0x08000000, Size: 0x0000517c, Max: 0x00010000, ABSOLUTE)

    Execution Region ER_IROM1 (Exec base: 0x08000000, Load base: 0x08000000, Size: 0x000050f8, Max: 0x00010000, ABSOLUTE)

    Exec Addr    Load Addr    Size         Type   Attr      Idx    E Section Name        Object

    0x08000000   0x08000000   0x000000ec   Data   RO            3    RESET               startup_stm32f103xb.o
    0x080000ec   0x080000ec   0x00000008   Code   RO         3577  * !!!main             c_w.l(__main.o)
    0x080000f4   0x080000f4   0x00000034   Code   RO         4004    !!!scatter          c_w.l(__scatter.o)
    0x08000128   0x08000128   0x0000001a   Code   RO         4006    !!handler_copy      c_w.l(__scatter_copy.o)
    0x08000142   0x08000142   0x00000002   PAD
    0x08000144   0x08000144   0x0000001c   Code   RO         4008    !!handler_zi        c_w.l(__scatter_zi.o)
    0x08000160   0x08000160   0x00000000   Code   RO         3567    .ARM.Collect$$_printf_percent$$00000000  c_w.l(_printf_percent.o)
    0x08000160   0x08000160   0x00000006   Code   RO         3560    .ARM.Collect$$_printf_percent$$00000001  c_w.l(_printf_n.o)
    0x08000166   0x08000166   0x00000006   Code   RO         3562    .ARM.Collect$$_printf_percent$$00000002  c_w.l(_printf_p.o)
    0x0800016c   0x0800016c   0x00000006   Code   RO         3564    .ARM.Collect$$_printf_percent$$00000008  c_w.l(_printf_i.o)
    0x08000172   0x08000172   0x00000006   Code   RO         3565    .ARM.Collect$$_printf_percent$$00000009  c_w.l(_printf_d.o)
    0x08000178   0x08000178   0x00000006   Code   RO         3566    .ARM.Collect$$_printf_percent$$0000000A  c_w.l(_printf_u.o)
    0x0800017e   0x0800017e   0x00000006   Code   RO         3563    .ARM.Collect$$_printf_percent$$0000000B  c_w.l(_printf_o.o)
    0x08000184   0x08000184   0x00000006   Code   RO         3561    .ARM.Collect$$_printf_percent$$0000000C  c_w.l(_printf_x.o)
    0x0800018a   0x0800018a   0x0000000a   Code   RO         3637    .ARM.Collect$$_printf_percent$$00000012  c_w.l(_printf_l.o)
    0x08000194   0x08000194   0x00000006   Code   RO         3558    .ARM.Collect$$_printf_percent$$00000013  c_w.l(_printf_c.o)
    0x0800019a   0x0800019a   0x00000006   Code   RO         3559    .ARM.Collect$$_printf_percent$$00000014  c_w.l(_printf_s.o)
    0x080001a0   0x080001a0   0x00000006   Code   RO         3568    .ARM.Collect$$_printf_percent$$00000015  c_w.l(_printf_lc.o)
    0x080001a6   0x080001a6   0x00000004   Code   RO         3636    .ARM.Collect$$_printf_percent$$00000017  c_w.l(_printf_percent_end.o)
    0x080001aa   0x080001aa   0x00000002   Code   RO         3791    .ARM.Collect$$libinit$$00000000  c_w.l(libinit.o)
    0x080001ac   0x080001ac   0x00000000   Code   RO         3793    .ARM.Collect$$libinit$$00000002  c_w.l(libinit2.o)
    0x080001ac   0x080001ac   0x00000000   Code   RO         3795    .ARM.Collect$$libinit$$00000004  c_w.l(libinit2.o)
    0x080001ac   0x080001ac   0x00000008   Code   RO         3796    .ARM.Collect$$libinit$$00000005  c_w.l(libinit2.o)
    0x080001b4   0x080001b4   0x00000000   Code   RO         3798    .ARM.Collect$$libinit$$0000000A  c_w.l(libinit2.o)
    0x080001b4   0x080001b4   0x00000000   Code   RO         3800    .ARM.Collect$$libinit$$0000000C  c_w.l(libinit2.o)
    0x080001b4   0x080001b4   0x00000000   Code   RO         3802    .ARM.Collect$$libinit$$0000000E  c_w.l(libinit2.o)
    0x080001b4   0x080001b4   0x00000006   Code   RO         3803    .ARM.Collect$$libinit$$0000000F  c_w.l(libinit2.o)
    0x080001ba   0x080001ba   0x00000000   Code   RO         3805    .ARM.Collect$$libinit$$00000011  c_w.l(libinit2.o)
    0x080001ba   0x080001ba   0x0000000c   Code   RO         3806    .ARM.Collect$$libinit$$00000012  c_w.l(libinit2.o)
    0x080001c6   0x080001c6   0x00000000   Code   RO         3807    .ARM.Collect$$libinit$$00000013  c_w.l(libinit2.o)
    0x080001c6   0x080001c6   0x00000000   Code   RO         3809    .ARM.Collect$$libinit$$00000015  c_w.l(libinit2.o)
    0x080001c6   0x080001c6   0x00000000   Code   RO         3811    .ARM.Collect$$libinit$$00000017  c_w.l(libinit2.o)
    0x080001c6   0x080001c6   0x00000000   Code   RO         3813    .ARM.Collect$$libinit$$00000019  c_w.l(libinit2.o)
    0x080001c6   0x080001c6   0x00000000   Code   RO         3815    .ARM.Collect$$libinit$$0000001B  c_w.l(libinit2.o)
    0x080001c6   0x080001c6   0x00000000   Code   RO         3817    .ARM.Collect$$libinit$$0000001D  c_w.l(libinit2.o)
    0x080001c6   0x080001c6   0x00000000   Code   RO         3819    .ARM.Collect$$libinit$$0000001F  c_w.l(libinit2.o)
    0x080001c6   0x080001c6   0x00000000   Code   RO         3821    .ARM.Collect$$libinit$$00000021  c_w.l(libinit2.o)
    0x080001c6   0x080001c6   0x00000000   Code   RO         3823    .ARM.Collect$$libinit$$00000023  c_w.l(libinit2.o)
    0x080001c6   0x080001c6   0x00000004   Code   RO         3824    .ARM.Collect$$libinit$$00000024  c_w.l(libinit2.o)
    0x080001ca   0x080001ca   0x00000000   Code   RO         3825    .ARM.Collect$$libinit$$00000025  c_w.l(libinit2.o)
    0x080001ca   0x080001ca   0x00000000   Code   RO         3829    .ARM.Collect$$libinit$$0000002C  c_w.l(libinit2.o)
    0x080001ca   0x080001ca   0x00000000   Code   RO         3831    .ARM.Collect$$libinit$$0000002E  c_w.l(libinit2.o)
    0x080001ca   0x080001ca   0x00000000   Code   RO         3833    .ARM.Collect$$libinit$$00000030  c_w.l(libinit2.o)
    0x080001ca   0x080001ca   0x00000000   Code   RO         3835    .ARM.Collect$$libinit$$00000032  c_w.l(libinit2.o)
    0x080001ca   0x080001ca   0x00000002   Code   RO         3836    .ARM.Collect$$libinit$$00000033  c_w.l(libinit2.o)
    0x080001cc   0x080001cc   0x00000002   Code   RO         3983    .ARM.Collect$$libshutdown$$00000000  c_w.l(libshutdown.o)
    0x080001ce   0x080001ce   0x00000000   Code   RO         3838    .ARM.Collect$$libshutdown$$00000002  c_w.l(libshutdown2.o)
    0x080001ce   0x080001ce   0x00000004   Code   RO         3839    .ARM.Collect$$libshutdown$$00000003  c_w.l(libshutdown2.o)
    0x080001d2   0x080001d2   0x00000000   Code   RO         3840    .ARM.Collect$$libshutdown$$00000004  c_w.l(libshutdown2.o)
    0x080001d2   0x080001d2   0x00000000   Code   RO         3843    .ARM.Collect$$libshutdown$$00000007  c_w.l(libshutdown2.o)
    0x080001d2   0x080001d2   0x00000000   Code   RO         3846    .ARM.Collect$$libshutdown$$0000000A  c_w.l(libshutdown2.o)
    0x080001d2   0x080001d2   0x00000000   Code   RO         3848    .ARM.Collect$$libshutdown$$0000000C  c_w.l(libshutdown2.o)
    0x080001d2   0x080001d2   0x00000000   Code   RO         3851    .ARM.Collect$$libshutdown$$0000000F  c_w.l(libshutdown2.o)
    0x080001d2   0x080001d2   0x00000002   Code   RO         3852    .ARM.Collect$$libshutdown$$00000010  c_w.l(libshutdown2.o)
    0x080001d4   0x080001d4   0x00000000   Code   RO         3623    .ARM.Collect$$rtentry$$00000000  c_w.l(__rtentry.o)
    0x080001d4   0x080001d4   0x00000000   Code   RO         3660    .ARM.Collect$$rtentry$$00000002  c_w.l(__rtentry2.o)
    0x080001d4   0x080001d4   0x00000006   Code   RO         3672    .ARM.Collect$$rtentry$$00000004  c_w.l(__rtentry4.o)
    0x080001da   0x080001da   0x00000000   Code   RO         3662    .ARM.Collect$$rtentry$$00000009  c_w.l(__rtentry2.o)
    0x080001da   0x080001da   0x00000004   Code   RO         3663    .ARM.Collect$$rtentry$$0000000A  c_w.l(__rtentry2.o)
    0x080001de   0x080001de   0x00000000   Code   RO         3665    .ARM.Collect$$rtentry$$0000000C  c_w.l(__rtentry2.o)
    0x080001de   0x080001de   0x00000008   Code   RO         3666    .ARM.Collect$$rtentry$$0000000D  c_w.l(__rtentry2.o)
    0x080001e6   0x080001e6   0x00000002   Code   RO         3863    .ARM.Collect$$rtexit$$00000000  c_w.l(rtexit.o)
    0x080001e8   0x080001e8   0x00000000   Code   RO         3919    .ARM.Collect$$rtexit$$00000002  c_w.l(rtexit2.o)
    0x080001e8   0x080001e8   0x00000004   Code   RO         3920    .ARM.Collect$$rtexit$$00000003  c_w.l(rtexit2.o)
    0x080001ec   0x080001ec   0x00000006   Code   RO         3921    .ARM.Collect$$rtexit$$00000004  c_w.l(rtexit2.o)
    0x080001f2   0x080001f2   0x00000002   PAD
    0x080001f4   0x080001f4   0x00000000   Code   RO         3925    .emb_text           c_w.l(maybetermalloc1.o)
    0x080001f4   0x080001f4   0x00000040   Code   RO            4    .text               startup_stm32f103xb.o
    0x08000234   0x08000234   0x00000018   Code   RO         3492    .text               c_w.l(noretval__2printf.o)
    0x0800024c   0x0800024c   0x0000004e   Code   RO         3498    .text               c_w.l(_printf_pad.o)
    0x0800029a   0x0800029a   0x00000024   Code   RO         3500    .text               c_w.l(_printf_truncate.o)
    0x080002be   0x080002be   0x00000052   Code   RO         3502    .text               c_w.l(_printf_str.o)
    0x08000310   0x08000310   0x00000078   Code   RO         3504    .text               c_w.l(_printf_dec.o)
    0x08000388   0x08000388   0x00000028   Code   RO         3506    .text               c_w.l(_printf_charcount.o)
    0x080003b0   0x080003b0   0x000000bc   Code   RO         3508    .text               c_w.l(_printf_wctomb.o)
    0x0800046c   0x0800046c   0x00000050   Code   RO         3513    .text               c_w.l(_printf_oct_int.o)
    0x080004bc   0x080004bc   0x0000007c   Code   RO         3529    .text               c_w.l(_printf_hex_int_ptr.o)
    0x08000538   0x08000538   0x00000188   Code   RO         3555    .text               c_w.l(__printf_flags_ss_wp.o)
    0x080006c0   0x080006c0   0x0000003e   Code   RO         3569    .text               c_w.l(strlen.o)
    0x080006fe   0x080006fe   0x00000064   Code   RO         3571    .text               c_w.l(rt_memcpy_w.o)
    0x08000762   0x08000762   0x0000004e   Code   RO         3573    .text               c_w.l(rt_memclr_w.o)
    0x080007b0   0x080007b0   0x00000006   Code   RO         3575    .text               c_w.l(heapauxi.o)
    0x080007b6   0x080007b6   0x000000b2   Code   RO         3624    .text               c_w.l(_printf_intcommon.o)
    0x08000868   0x08000868   0x00000030   Code   RO         3626    .text               c_w.l(_printf_char_common.o)
    0x08000898   0x08000898   0x0000002c   Code   RO         3630    .text               c_w.l(_printf_char.o)
    0x080008c4   0x080008c4   0x00000024   Code   RO         3632    .text               c_w.l(_printf_char_file.o)
    0x080008e8   0x080008e8   0x0000002c   Code   RO         3634    .text               c_w.l(_printf_wchar.o)
    0x08000914   0x08000914   0x00000040   Code   RO         3644    .text               c_w.l(_wcrtomb.o)
    0x08000954   0x08000954   0x00000010   Code   RO         3674    .text               c_w.l(rt_ctype_table.o)
    0x08000964   0x08000964   0x00000008   Code   RO         3678    .text               c_w.l(ferror.o)
    0x0800096c   0x0800096c   0x00000138   Code   RO         3684    .text               c_w.l(initio.o)
    0x08000aa4   0x08000aa4   0x00000066   Code   RO         3694    .text               c_w.l(sys_io.o)
    0x08000b0a   0x08000b0a   0x0000004a   Code   RO         3701    .text               c_w.l(sys_stackheap_outer.o)
    0x08000b54   0x08000b54   0x00000008   Code   RO         3706    .text               c_w.l(rt_locale_intlibspace.o)
    0x08000b5c   0x08000b5c   0x0000004e   Code   RO         3710    .text               c_w.l(h1_free.o)
    0x08000baa   0x08000baa   0x000001d6   Code   RO         3764    .text               c_w.l(flsbuf.o)
    0x08000d80   0x08000d80   0x00000046   Code   RO         3766    .text               c_w.l(setvbuf.o)
    0x08000dc6   0x08000dc6   0x00000002   PAD
    0x08000dc8   0x08000dc8   0x000000ec   Code   RO         3769    .text               c_w.l(fopen.o)
    0x08000eb4   0x08000eb4   0x0000004c   Code   RO         3771    .text               c_w.l(fclose.o)
    0x08000f00   0x08000f00   0x00000012   Code   RO         3780    .text               c_w.l(exit.o)
    0x08000f12   0x08000f12   0x0000000e   Code   RO         3782    .text               c_w.l(defsig_rtred_outer.o)
    0x08000f20   0x08000f20   0x00000008   Code   RO         3857    .text               c_w.l(libspace.o)
    0x08000f28   0x08000f28   0x00000002   Code   RO         3860    .text               c_w.l(use_no_semi.o)
    0x08000f2a   0x08000f2a   0x00000000   Code   RO         3862    .text               c_w.l(indicate_semi.o)
    0x08000f2a   0x08000f2a   0x00000002   PAD
    0x08000f2c   0x08000f2c   0x00000008   Code   RO         3870    .text               c_w.l(rt_heap_descriptor_intlibspace.o)
    0x08000f34   0x08000f34   0x00000004   Code   RO         3872    .text               c_w.l(hguard.o)
    0x08000f38   0x08000f38   0x0000008a   Code   RO         3874    .text               c_w.l(init_alloc.o)
    0x08000fc2   0x08000fc2   0x0000005e   Code   RO         3880    .text               c_w.l(h1_alloc.o)
    0x08001020   0x08001020   0x000000f8   Code   RO         3896    .text               c_w.l(fseek.o)
    0x08001118   0x08001118   0x000000f0   Code   RO         3898    .text               c_w.l(stdio.o)
    0x08001208   0x08001208   0x0000000a   Code   RO         3904    .text               c_w.l(defsig_exit.o)
    0x08001212   0x08001212   0x00000002   PAD
    0x08001214   0x08001214   0x00000034   Code   RO         3906    .text               c_w.l(defsig_rtred_inner.o)
    0x08001248   0x08001248   0x00000080   Code   RO         3910    .text               c_w.l(strcmpv7m.o)
    0x080012c8   0x080012c8   0x0000000c   Code   RO         3916    .text               c_w.l(sys_exit.o)
    0x080012d4   0x080012d4   0x0000000e   Code   RO         3927    .text               c_w.l(h1_init.o)
    0x080012e2   0x080012e2   0x00000034   Code   RO         3929    .text               c_w.l(h1_extend.o)
    0x08001316   0x08001316   0x00000042   Code   RO         3939    .text               c_w.l(ftell.o)
    0x08001358   0x08001358   0x00000032   Code   RO         3947    .text               c_w.l(defsig_general.o)
    0x0800138a   0x0800138a   0x0000000e   Code   RO         3949    .text               c_w.l(defsig_rtmem_outer.o)
    0x08001398   0x08001398   0x0000000e   Code   RO         3964    .text               c_w.l(sys_wrch.o)
    0x080013a6   0x080013a6   0x00000002   PAD
    0x080013a8   0x080013a8   0x00000008   Code   RO         3971    .text               c_w.l(rt_errno_addr_intlibspace.o)
    0x080013b0   0x080013b0   0x00000050   Code   RO         3977    .text               c_w.l(defsig_rtmem_inner.o)
    0x08001400   0x08001400   0x00000002   Code   RO          570    i.BusFault_Handler  stm32f1xx_it.o
    0x08001402   0x08001402   0x00000002   PAD
    0x08001404   0x08001404   0x000000b0   Code   RO          376    i.CamBien           main.o
    0x080014b4   0x080014b4   0x00000002   Code   RO          571    i.DebugMon_Handler  stm32f1xx_it.o
    0x080014b6   0x080014b6   0x00000002   PAD
    0x080014b8   0x080014b8   0x00000024   Code   RO         1186    i.HAL_Delay         stm32f1xx_hal.o
    0x080014dc   0x080014dc   0x000001e0   Code   RO         1494    i.HAL_GPIO_Init     stm32f1xx_hal_gpio.o
    0x080016bc   0x080016bc   0x0000000a   Code   RO         1496    i.HAL_GPIO_ReadPin  stm32f1xx_hal_gpio.o
    0x080016c6   0x080016c6   0x0000000a   Code   RO         1498    i.HAL_GPIO_WritePin  stm32f1xx_hal_gpio.o
    0x080016d0   0x080016d0   0x0000000c   Code   RO         1190    i.HAL_GetTick       stm32f1xx_hal.o
    0x080016dc   0x080016dc   0x00000188   Code   RO          758    i.HAL_I2C_Init      stm32f1xx_hal_i2c.o
    0x08001864   0x08001864   0x0000012c   Code   RO          771    i.HAL_I2C_Master_Transmit  stm32f1xx_hal_i2c.o
    0x08001990   0x08001990   0x00000070   Code   RO          646    i.HAL_I2C_MspInit   stm32f1xx_hal_msp.o
    0x08001a00   0x08001a00   0x00000010   Code   RO         1196    i.HAL_IncTick       stm32f1xx_hal.o
    0x08001a10   0x08001a10   0x00000024   Code   RO         1197    i.HAL_Init          stm32f1xx_hal.o
    0x08001a34   0x08001a34   0x00000040   Code   RO         1198    i.HAL_InitTick      stm32f1xx_hal.o
    0x08001a74   0x08001a74   0x0000003c   Code   RO          647    i.HAL_MspInit       stm32f1xx_hal_msp.o
    0x08001ab0   0x08001ab0   0x00000040   Code   RO         1660    i.HAL_NVIC_SetPriority  stm32f1xx_hal_cortex.o
    0x08001af0   0x08001af0   0x00000024   Code   RO         1661    i.HAL_NVIC_SetPriorityGrouping  stm32f1xx_hal_cortex.o
    0x08001b14   0x08001b14   0x0000012c   Code   RO         1354    i.HAL_RCC_ClockConfig  stm32f1xx_hal_rcc.o
    0x08001c40   0x08001c40   0x00000020   Code   RO         1361    i.HAL_RCC_GetPCLK1Freq  stm32f1xx_hal_rcc.o
    0x08001c60   0x08001c60   0x0000006c   Code   RO         1363    i.HAL_RCC_GetSysClockFreq  stm32f1xx_hal_rcc.o
    0x08001ccc   0x08001ccc   0x00000320   Code   RO         1366    i.HAL_RCC_OscConfig  stm32f1xx_hal_rcc.o
    0x08001fec   0x08001fec   0x000000b2   Code   RO         2165    i.HAL_SPI_Init      stm32f1xx_hal_spi.o
    0x0800209e   0x0800209e   0x00000002   PAD
    0x080020a0   0x080020a0   0x00000070   Code   RO          649    i.HAL_SPI_MspInit   stm32f1xx_hal_msp.o
    0x08002110   0x08002110   0x000001e2   Code   RO         2174    i.HAL_SPI_TransmitReceive  stm32f1xx_hal_spi.o
    0x080022f2   0x080022f2   0x00000028   Code   RO         1665    i.HAL_SYSTICK_Config  stm32f1xx_hal_cortex.o
    0x0800231a   0x0800231a   0x00000002   PAD
    0x0800231c   0x0800231c   0x00000068   Code   RO         3201    i.HAL_TIMEx_MasterConfigSynchronization  stm32f1xx_hal_tim_ex.o
    0x08002384   0x08002384   0x0000005a   Code   RO         2478    i.HAL_TIM_Base_Init  stm32f1xx_hal_tim.o
    0x080023de   0x080023de   0x00000002   PAD
    0x080023e0   0x080023e0   0x00000070   Code   RO          651    i.HAL_TIM_Base_MspInit  stm32f1xx_hal_msp.o
    0x08002450   0x08002450   0x00000050   Code   RO         2481    i.HAL_TIM_Base_Start  stm32f1xx_hal_tim.o
    0x080024a0   0x080024a0   0x000000d6   Code   RO         2487    i.HAL_TIM_ConfigClockSource  stm32f1xx_hal_tim.o
    0x08002576   0x08002576   0x00000002   PAD
    0x08002578   0x08002578   0x000000b0   Code   RO          652    i.HAL_TIM_MspPostInit  stm32f1xx_hal_msp.o
    0x08002628   0x08002628   0x000000c6   Code   RO         2550    i.HAL_TIM_PWM_ConfigChannel  stm32f1xx_hal_tim.o
    0x080026ee   0x080026ee   0x0000005a   Code   RO         2553    i.HAL_TIM_PWM_Init  stm32f1xx_hal_tim.o
    0x08002748   0x08002748   0x00000002   Code   RO         2555    i.HAL_TIM_PWM_MspInit  stm32f1xx_hal_tim.o
    0x0800274a   0x0800274a   0x00000002   PAD
    0x0800274c   0x0800274c   0x0000009c   Code   RO         2558    i.HAL_TIM_PWM_Start  stm32f1xx_hal_tim.o
    0x080027e8   0x080027e8   0x00000002   Code   RO          572    i.HardFault_Handler  stm32f1xx_it.o
    0x080027ea   0x080027ea   0x0000002e   Code   RO          800    i.I2C_IsAcknowledgeFailed  stm32f1xx_hal_i2c.o
    0x08002818   0x08002818   0x0000009c   Code   RO          804    i.I2C_MasterRequestWrite  stm32f1xx_hal_i2c.o
    0x080028b4   0x080028b4   0x0000004c   Code   RO          815    i.I2C_WaitOnBTFFlagUntilTimeout  stm32f1xx_hal_i2c.o
    0x08002900   0x08002900   0x00000068   Code   RO          816    i.I2C_WaitOnFlagUntilTimeout  stm32f1xx_hal_i2c.o
    0x08002968   0x08002968   0x00000096   Code   RO          817    i.I2C_WaitOnMasterAddressFlagUntilTimeout  stm32f1xx_hal_i2c.o
    0x080029fe   0x080029fe   0x0000004c   Code   RO          819    i.I2C_WaitOnTXEFlagUntilTimeout  stm32f1xx_hal_i2c.o
    0x08002a4a   0x08002a4a   0x00000002   PAD
    0x08002a4c   0x08002a4c   0x000000b0   Code   RO          378    i.LCD               main.o
    0x08002afc   0x08002afc   0x00000100   Code   RO          379    i.MX_GPIO_Init      main.o
    0x08002bfc   0x08002bfc   0x00000044   Code   RO          380    i.MX_SPI1_Init      main.o
    0x08002c40   0x08002c40   0x00000068   Code   RO          381    i.MX_TIM1_Init      main.o
    0x08002ca8   0x08002ca8   0x000000a8   Code   RO          382    i.MX_TIM2_Init      main.o
    0x08002d50   0x08002d50   0x00000068   Code   RO          383    i.MX_TIM3_Init      main.o
    0x08002db8   0x08002db8   0x000000a8   Code   RO          384    i.MX_TIM4_Init      main.o
    0x08002e60   0x08002e60   0x00000002   Code   RO          573    i.MemManage_Handler  stm32f1xx_it.o
    0x08002e62   0x08002e62   0x00000002   Code   RO          574    i.NMI_Handler       stm32f1xx_it.o
    0x08002e64   0x08002e64   0x000000c4   Code   RO          385    i.PID_control       main.o
    0x08002f28   0x08002f28   0x00000028   Code   RO          159    i.PS2_AnalogMode    ps2.o
    0x08002f50   0x08002f50   0x00000050   Code   RO          160    i.PS2_Cmd           ps2.o
    0x08002fa0   0x08002fa0   0x00000024   Code   RO          161    i.PS2_EnterConfig   ps2.o
    0x08002fc4   0x08002fc4   0x00000030   Code   RO          162    i.PS2_ExitConfig    ps2.o
    0x08002ff4   0x08002ff4   0x00000028   Code   RO          163    i.PS2_Init          ps2.o
    0x0800301c   0x0800301c   0x00000024   Code   RO          164    i.PS2_Poll          ps2.o
    0x08003040   0x08003040   0x00000080   Code   RO          165    i.PS2_SendByte      ps2.o
    0x080030c0   0x080030c0   0x000000e0   Code   RO          166    i.PS2_Update        ps2.o
    0x080031a0   0x080031a0   0x00000002   Code   RO          575    i.PendSV_Handler    stm32f1xx_it.o
    0x080031a2   0x080031a2   0x00000002   PAD
    0x080031a4   0x080031a4   0x000000b4   Code   RO          388    i.Read_Line         main.o
    0x08003258   0x08003258   0x00000028   Code   RO          389    i.SM_DOWN           main.o
    0x08003280   0x08003280   0x0000002a   Code   RO          390    i.SM_UP             main.o
    0x080032aa   0x080032aa   0x00000020   Code   RO         2203    i.SPI_EndRxTxTransaction  stm32f1xx_hal_spi.o
    0x080032ca   0x080032ca   0x00000002   PAD
    0x080032cc   0x080032cc   0x000000b8   Code   RO         2208    i.SPI_WaitFlagStateUntilTimeout  stm32f1xx_hal_spi.o
    0x08003384   0x08003384   0x00000002   Code   RO          576    i.SVC_Handler       stm32f1xx_it.o
    0x08003386   0x08003386   0x00000004   Code   RO          577    i.SysTick_Handler   stm32f1xx_it.o
    0x0800338a   0x0800338a   0x0000005e   Code   RO          391    i.SystemClock_Config  main.o
    0x080033e8   0x080033e8   0x00000002   Code   RO         3450    i.SystemInit        system_stm32f1xx.o
    0x080033ea   0x080033ea   0x00000002   PAD
    0x080033ec   0x080033ec   0x0000006c   Code   RO         2571    i.TIM_Base_SetConfig  stm32f1xx_hal_tim.o
    0x08003458   0x08003458   0x0000001a   Code   RO         2572    i.TIM_CCxChannelCmd  stm32f1xx_hal_tim.o
    0x08003472   0x08003472   0x00000014   Code   RO         2582    i.TIM_ETR_SetConfig  stm32f1xx_hal_tim.o
    0x08003486   0x08003486   0x00000010   Code   RO         2583    i.TIM_ITRx_SetConfig  stm32f1xx_hal_tim.o
    0x08003496   0x08003496   0x00000002   PAD
    0x08003498   0x08003498   0x00000050   Code   RO         2584    i.TIM_OC1_SetConfig  stm32f1xx_hal_tim.o
    0x080034e8   0x080034e8   0x00000058   Code   RO         2585    i.TIM_OC2_SetConfig  stm32f1xx_hal_tim.o
    0x08003540   0x08003540   0x00000058   Code   RO         2586    i.TIM_OC3_SetConfig  stm32f1xx_hal_tim.o
    0x08003598   0x08003598   0x00000044   Code   RO         2587    i.TIM_OC4_SetConfig  stm32f1xx_hal_tim.o
    0x080035dc   0x080035dc   0x00000022   Code   RO         2589    i.TIM_TI1_ConfigInputStage  stm32f1xx_hal_tim.o
    0x080035fe   0x080035fe   0x00000024   Code   RO         2591    i.TIM_TI2_ConfigInputStage  stm32f1xx_hal_tim.o
    0x08003622   0x08003622   0x0000001a   Code   RO          238    i.TM_MFRC522_AntennaOn  rc522.o
    0x0800363c   0x0800363c   0x00000042   Code   RO          239    i.TM_MFRC522_Anticoll  rc522.o
    0x0800367e   0x0800367e   0x0000005e   Code   RO          241    i.TM_MFRC522_CalculateCRC  rc522.o
    0x080036dc   0x080036dc   0x00000020   Code   RO          242    i.TM_MFRC522_Check  rc522.o
    0x080036fc   0x080036fc   0x00000018   Code   RO          243    i.TM_MFRC522_ClearBitMask  rc522.o
    0x08003714   0x08003714   0x0000001c   Code   RO          244    i.TM_MFRC522_Compare  rc522.o
    0x08003730   0x08003730   0x0000002c   Code   RO          245    i.TM_MFRC522_Halt   rc522.o
    0x0800375c   0x0800375c   0x00000046   Code   RO          246    i.TM_MFRC522_Init   rc522.o
    0x080037a2   0x080037a2   0x00000002   PAD
    0x080037a4   0x080037a4   0x00000038   Code   RO          248    i.TM_MFRC522_ReadRegister  rc522.o
    0x080037dc   0x080037dc   0x0000002e   Code   RO          249    i.TM_MFRC522_Request  rc522.o
    0x0800380a   0x0800380a   0x00000008   Code   RO          250    i.TM_MFRC522_Reset  rc522.o
    0x08003812   0x08003812   0x00000018   Code   RO          252    i.TM_MFRC522_SetBitMask  rc522.o
    0x0800382a   0x0800382a   0x00000114   Code   RO          253    i.TM_MFRC522_ToCard  rc522.o
    0x0800393e   0x0800393e   0x00000002   PAD
    0x08003940   0x08003940   0x00000034   Code   RO          255    i.TM_MFRC522_WriteRegister  rc522.o
    0x08003974   0x08003974   0x00000034   Code   RO          256    i.TM_SPI_Send       rc522.o
    0x080039a8   0x080039a8   0x00000002   Code   RO          578    i.UsageFault_Handler  stm32f1xx_it.o
    0x080039aa   0x080039aa   0x00000002   PAD
    0x080039ac   0x080039ac   0x00000090   Code   RO          392    i.ZONE              main.o
    0x08003a3c   0x08003a3c   0x00000020   Code   RO         1667    i.__NVIC_SetPriority  stm32f1xx_hal_cortex.o
    0x08003a5c   0x08003a5c   0x0000000e   Code   RO         3548    i._is_digit         c_w.l(__printf_wp.o)
    0x08003a6a   0x08003a6a   0x00000002   PAD
    0x08003a6c   0x08003a6c   0x00000018   Code   RO          393    i.delay             main.o
    0x08003a84   0x08003a84   0x00000018   Code   RO          167    i.delay_us          ps2.o
    0x08003a9c   0x08003a9c   0x00000030   Code   RO          394    i.errors_sum        main.o
    0x08003acc   0x08003acc   0x00000034   Code   RO          395    i.forward_brake     main.o
    0x08003b00   0x08003b00   0x0000001a   Code   RO         3681    i.fputc             c_w.l(fputc.o)
    0x08003b1a   0x08003b1a   0x00000018   Code   RO           13    i.lcd_clear         i2c-lcd.o
    0x08003b32   0x08003b32   0x00000078   Code   RO           14    i.lcd_init          i2c-lcd.o
    0x08003baa   0x08003baa   0x00000018   Code   RO           15    i.lcd_put_cur       i2c-lcd.o
    0x08003bc2   0x08003bc2   0x00000002   PAD
    0x08003bc4   0x08003bc4   0x00000040   Code   RO           16    i.lcd_send_cmd      i2c-lcd.o
    0x08003c04   0x08003c04   0x00000040   Code   RO           17    i.lcd_send_data     i2c-lcd.o
    0x08003c44   0x08003c44   0x00000014   Code   RO           18    i.lcd_send_string   i2c-lcd.o
    0x08003c58   0x08003c58   0x00000324   Code   RO          396    i.main              main.o
    0x08003f7c   0x08003f7c   0x000000c0   Code   RO          397    i.motor_balance     main.o
    0x0800403c   0x0800403c   0x0000010c   Code   RO          398    i.motor_control     main.o
    0x08004148   0x08004148   0x00000020   Code   RO          399    i.past_errors       main.o
    0x08004168   0x08004168   0x00000040   Code   RO          400    i.sharp_turn        main.o
    0x080041a8   0x080041a8   0x000000c0   Code   RO          401    i.stepper_half_drive  main.o
    0x08004268   0x08004268   0x0000000e   Code   RO          402    i.stepper_set_rpm   main.o
    0x08004276   0x08004276   0x00000002   PAD
    0x08004278   0x08004278   0x000000a0   Code   RO          403    i.value_line        main.o
    0x08004318   0x08004318   0x0000002c   Code   RO         3778    locale$$code        c_w.l(lc_ctype_c.o)
    0x08004344   0x08004344   0x00000150   Code   RO         3579    x$fpl$dadd          fz_ws.l(daddsub_clz.o)
    0x08004494   0x08004494   0x00000010   Code   RO         3646    x$fpl$dcheck1       fz_ws.l(dcheck1.o)
    0x080044a4   0x080044a4   0x00000018   Code   RO         3648    x$fpl$dcmpinf       fz_ws.l(dcmpi.o)
    0x080044bc   0x080044bc   0x00000078   Code   RO         3585    x$fpl$deqf          fz_ws.l(deqf.o)
    0x08004534   0x08004534   0x0000005a   Code   RO         3587    x$fpl$dfixu         fz_ws.l(dfixu.o)
    0x0800458e   0x0800458e   0x0000002e   Code   RO         3592    x$fpl$dflt          fz_ws.l(dflt_clz.o)
    0x080045bc   0x080045bc   0x00000026   Code   RO         3591    x$fpl$dfltu         fz_ws.l(dflt_clz.o)
    0x080045e2   0x080045e2   0x00000002   PAD
    0x080045e4   0x080045e4   0x00000078   Code   RO         3597    x$fpl$dleqf         fz_ws.l(dleqf.o)
    0x0800465c   0x0800465c   0x00000154   Code   RO         3599    x$fpl$dmul          fz_ws.l(dmul.o)
    0x080047b0   0x080047b0   0x0000009c   Code   RO         3650    x$fpl$dnaninf       fz_ws.l(dnaninf.o)
    0x0800484c   0x0800484c   0x0000000c   Code   RO         3652    x$fpl$dretinf       fz_ws.l(dretinf.o)
    0x08004858   0x08004858   0x0000006c   Code   RO         3601    x$fpl$drleqf        fz_ws.l(drleqf.o)
    0x080048c4   0x080048c4   0x000001d4   Code   RO         3581    x$fpl$dsub          fz_ws.l(daddsub_clz.o)
    0x08004a98   0x08004a98   0x000000c4   Code   RO         3603    x$fpl$fadd          fz_ws.l(faddsub_clz.o)
    0x08004b5c   0x08004b5c   0x00000036   Code   RO         3609    x$fpl$ffix          fz_ws.l(ffix.o)
    0x08004b92   0x08004b92   0x00000002   PAD
    0x08004b94   0x08004b94   0x00000030   Code   RO         3614    x$fpl$fflt          fz_ws.l(fflt_clz.o)
    0x08004bc4   0x08004bc4   0x00000102   Code   RO         3619    x$fpl$fmul          fz_ws.l(fmul.o)
    0x08004cc6   0x08004cc6   0x0000008c   Code   RO         3654    x$fpl$fnaninf       fz_ws.l(fnaninf.o)
    0x08004d52   0x08004d52   0x0000000a   Code   RO         3656    x$fpl$fretinf       fz_ws.l(fretinf.o)
    0x08004d5c   0x08004d5c   0x000000ea   Code   RO         3605    x$fpl$fsub          fz_ws.l(faddsub_clz.o)
    0x08004e46   0x08004e46   0x00000064   Code   RO         3692    x$fpl$retnan        fz_ws.l(retnan.o)
    0x08004eaa   0x08004eaa   0x0000005c   Code   RO         3621    x$fpl$scalbn        fz_ws.l(scalbn.o)
    0x08004f06   0x08004f06   0x00000030   Code   RO         3855    x$fpl$trapveneer    fz_ws.l(trapv.o)
    0x08004f36   0x08004f36   0x00000000   Code   RO         3658    x$fpl$usenofp       fz_ws.l(usenofp.o)
    0x08004f36   0x08004f36   0x00000002   PAD
    0x08004f38   0x08004f38   0x00000025   Data   RO          168    .constdata          ps2.o
    0x08004f5d   0x08004f5d   0x00000010   Data   RO         3451    .constdata          system_stm32f1xx.o
    0x08004f6d   0x08004f6d   0x00000008   Data   RO         3452    .constdata          system_stm32f1xx.o
    0x08004f75   0x08004f75   0x00000003   PAD
    0x08004f78   0x08004f78   0x00000008   Data   RO         3509    .constdata          c_w.l(_printf_wctomb.o)
    0x08004f80   0x08004f80   0x00000028   Data   RO         3530    .constdata          c_w.l(_printf_hex_int_ptr.o)
    0x08004fa8   0x08004fa8   0x00000011   Data   RO         3556    .constdata          c_w.l(__printf_flags_ss_wp.o)
    0x08004fb9   0x08004fb9   0x00000004   Data   RO         3695    .constdata          c_w.l(sys_io.o)
    0x08004fbd   0x08004fbd   0x00000004   Data   RO         3696    .constdata          c_w.l(sys_io.o)
    0x08004fc1   0x08004fc1   0x00000004   Data   RO         3697    .constdata          c_w.l(sys_io.o)
    0x08004fc5   0x08004fc5   0x00000003   PAD
    0x08004fc8   0x08004fc8   0x00000020   Data   RO         4002    Region$$Table       anon$$obj.o
    0x08004fe8   0x08004fe8   0x00000110   Data   RO         3777    locale$$data        c_w.l(lc_ctype_c.o)


    Execution Region RW_IRAM1 (Exec base: 0x20000000, Load base: 0x080050f8, Size: 0x00000a50, Max: 0x00005000, ABSOLUTE)

    Exec Addr    Load Addr    Size         Type   Attr      Idx    E Section Name        Object

    0x20000000   0x080050f8   0x00000008   Data   RW          169    .data               ps2.o
    0x20000008   0x08005100   0x00000060   Data   RW          410    .data               main.o
    0x20000068   0x08005160   0x0000000c   Data   RW         1204    .data               stm32f1xx_hal.o
    0x20000074   0x0800516c   0x00000004   Data   RW         3453    .data               system_stm32f1xx.o
    0x20000078   0x08005170   0x00000004   Data   RW         3641    .data               c_w.l(stdio_streams.o)
    0x2000007c   0x08005174   0x00000004   Data   RW         3642    .data               c_w.l(stdio_streams.o)
    0x20000080   0x08005178   0x00000004   Data   RW         3643    .data               c_w.l(stdio_streams.o)
    0x20000084        -       0x0000026c   Zero   RW          404    .bss                main.o
    0x200002f0        -       0x00000054   Zero   RW         3638    .bss                c_w.l(stdio_streams.o)
    0x20000344        -       0x00000054   Zero   RW         3639    .bss                c_w.l(stdio_streams.o)
    0x20000398        -       0x00000054   Zero   RW         3640    .bss                c_w.l(stdio_streams.o)
    0x200003ec        -       0x00000060   Zero   RW         3858    .bss                c_w.l(libspace.o)
    0x2000044c   0x0800517c   0x00000004   PAD
    0x20000450        -       0x00000200   Zero   RW            2    HEAP                startup_stm32f103xb.o
    0x20000650        -       0x00000400   Zero   RW            1    STACK               startup_stm32f103xb.o


==============================================================================

Image component sizes


      Code (inc. data)   RO Data    RW Data    ZI Data      Debug   Object Name

       316         12          0          0          0     434278   i2c-lcd.o
      3766        336          0         96        620      18325   main.o
       656         58         37          8          0       6239   ps2.o
       898         14          0          0          0      12536   rc522.o
        64         26        236          0       1536        804   startup_stm32f103xb.o
       164         28          0         12          0       5845   stm32f1xx_hal.o
       172         14          0          0          0      28250   stm32f1xx_hal_cortex.o
       500         34          0          0          0       3487   stm32f1xx_hal_gpio.o
      1300         32          0          0          0       8857   stm32f1xx_hal_i2c.o
       572         74          0          0          0       3779   stm32f1xx_hal_msp.o
      1240         88          0          0          0       4593   stm32f1xx_hal_rcc.o
       876          4          0          0          0       4665   stm32f1xx_hal_spi.o
      1394         60          0          0          0      12685   stm32f1xx_hal_tim.o
       104         12          0          0          0       1312   stm32f1xx_hal_tim_ex.o
        20          0          0          0          0       3806   stm32f1xx_it.o
         2          0         24          4          0       1095   system_stm32f1xx.o

    ----------------------------------------------------------------------
     12078        792        332        120       2156     550556   Object Totals
         0          0         32          0          0          0   (incl. Generated)
        34          0          3          0          0          0   (incl. Padding)

    ----------------------------------------------------------------------

      Code (inc. data)   RO Data    RW Data    ZI Data      Debug   Library Member Name

         8          0          0          0          0         68   __main.o
       392          4         17          0          0         92   __printf_flags_ss_wp.o
        14          0          0          0          0         68   __printf_wp.o
         0          0          0          0          0          0   __rtentry.o
        12          0          0          0          0          0   __rtentry2.o
         6          0          0          0          0          0   __rtentry4.o
        52          8          0          0          0          0   __scatter.o
        26          0          0          0          0          0   __scatter_copy.o
        28          0          0          0          0          0   __scatter_zi.o
         6          0          0          0          0          0   _printf_c.o
        44          0          0          0          0        108   _printf_char.o
        48          6          0          0          0         96   _printf_char_common.o
        36          4          0          0          0         80   _printf_char_file.o
        40          0          0          0          0         68   _printf_charcount.o
         6          0          0          0          0          0   _printf_d.o
       120         16          0          0          0         92   _printf_dec.o
       124          4         40          0          0        144   _printf_hex_int_ptr.o
         6          0          0          0          0          0   _printf_i.o
       178          0          0          0          0         88   _printf_intcommon.o
        10          0          0          0          0          0   _printf_l.o
         6          0          0          0          0          0   _printf_lc.o
         6          0          0          0          0          0   _printf_n.o
         6          0          0          0          0          0   _printf_o.o
        80          8          0          0          0         88   _printf_oct_int.o
         6          0          0          0          0          0   _printf_p.o
        78          0          0          0          0        108   _printf_pad.o
         0          0          0          0          0          0   _printf_percent.o
         4          0          0          0          0          0   _printf_percent_end.o
         6          0          0          0          0          0   _printf_s.o
        82          0          0          0          0         80   _printf_str.o
        36          0          0          0          0         84   _printf_truncate.o
         6          0          0          0          0          0   _printf_u.o
        44          0          0          0          0        108   _printf_wchar.o
       188          6          8          0          0         92   _printf_wctomb.o
         6          0          0          0          0          0   _printf_x.o
        64          0          0          0          0         92   _wcrtomb.o
        10          0          0          0          0         68   defsig_exit.o
        50          0          0          0          0         88   defsig_general.o
        80         58          0          0          0         76   defsig_rtmem_inner.o
        14          0          0          0          0         80   defsig_rtmem_outer.o
        52         38          0          0          0         76   defsig_rtred_inner.o
        14          0          0          0          0         80   defsig_rtred_outer.o
        18          0          0          0          0         80   exit.o
        76          0          0          0          0         88   fclose.o
         8          0          0          0          0         68   ferror.o
       470          0          0          0          0         88   flsbuf.o
       236          4          0          0          0        128   fopen.o
        26          0          0          0          0         68   fputc.o
       248          6          0          0          0         84   fseek.o
        66          0          0          0          0         76   ftell.o
        94          0          0          0          0         80   h1_alloc.o
        52          0          0          0          0         68   h1_extend.o
        78          0          0          0          0         80   h1_free.o
        14          0          0          0          0         84   h1_init.o
         6          0          0          0          0        152   heapauxi.o
         4          0          0          0          0        136   hguard.o
         0          0          0          0          0          0   indicate_semi.o
       138          0          0          0          0        168   init_alloc.o
       312         46          0          0          0        112   initio.o
        44         10        272          0          0         76   lc_ctype_c.o
         2          0          0          0          0          0   libinit.o
        32          0          0          0          0          0   libinit2.o
         2          0          0          0          0          0   libshutdown.o
         6          0          0          0          0          0   libshutdown2.o
         8          4          0          0         96         68   libspace.o
         0          0          0          0          0          0   maybetermalloc1.o
        24          4          0          0          0         84   noretval__2printf.o
        16          4          0          0          0         76   rt_ctype_table.o
         8          4          0          0          0         68   rt_errno_addr_intlibspace.o
         8          4          0          0          0         68   rt_heap_descriptor_intlibspace.o
         8          4          0          0          0         68   rt_locale_intlibspace.o
        78          0          0          0          0         80   rt_memclr_w.o
       100          0          0          0          0         80   rt_memcpy_w.o
         2          0          0          0          0          0   rtexit.o
        10          0          0          0          0          0   rtexit2.o
        70          0          0          0          0         80   setvbuf.o
       240          6          0          0          0        156   stdio.o
         0          0          0         12        252          0   stdio_streams.o
       128          0          0          0          0         68   strcmpv7m.o
        62          0          0          0          0         76   strlen.o
        12          4          0          0          0         68   sys_exit.o
       102          0         12          0          0        240   sys_io.o
        74          0          0          0          0         80   sys_stackheap_outer.o
        14          0          0          0          0         76   sys_wrch.o
         2          0          0          0          0         68   use_no_semi.o
       804         16          0          0          0        272   daddsub_clz.o
        16          4          0          0          0         68   dcheck1.o
        24          0          0          0          0         68   dcmpi.o
       120          4          0          0          0         92   deqf.o
        90          4          0          0          0         92   dfixu.o
        84          0          0          0          0        136   dflt_clz.o
       120          4          0          0          0         92   dleqf.o
       340         12          0          0          0        104   dmul.o
       156          4          0          0          0         92   dnaninf.o
        12          0          0          0          0         68   dretinf.o
       108          0          0          0          0         80   drleqf.o
       430          8          0          0          0        168   faddsub_clz.o
        54          4          0          0          0         84   ffix.o
        48          0          0          0          0         68   fflt_clz.o
       258          4          0          0          0         84   fmul.o
       140          4          0          0          0         84   fnaninf.o
        10          0          0          0          0         68   fretinf.o
       100          0          0          0          0         68   retnan.o
        92          0          0          0          0         68   scalbn.o
        48          0          0          0          0         68   trapv.o
         0          0          0          0          0          0   usenofp.o

    ----------------------------------------------------------------------
      7966        320        352         12        352       7088   Library Totals
        20          0          3          0          4          0   (incl. Padding)

    ----------------------------------------------------------------------

      Code (inc. data)   RO Data    RW Data    ZI Data      Debug   Library Name

      4892        252        349         12        348       5164   c_w.l
      3054         68          0          0          0       1924   fz_ws.l

    ----------------------------------------------------------------------
      7966        320        352         12        352       7088   Library Totals

    ----------------------------------------------------------------------

==============================================================================


      Code (inc. data)   RO Data    RW Data    ZI Data      Debug   

     20044       1112        684        132       2508     547864   Grand Totals
     20044       1112        684        132       2508     547864   ELF Image Totals
     20044       1112        684        132          0          0   ROM Totals

==============================================================================

    Total RO  Size (Code + RO Data)                20728 (  20.24kB)
    Total RW  Size (RW Data + ZI Data)              2640 (   2.58kB)
    Total ROM Size (Code + RO Data + RW Data)      20860 (  20.37kB)

==============================================================================

