../Core/Src/main.c:76:6:Read_Line	8	static
../Core/Src/main.c:101:6:Go	8	static
../Core/Src/main.c:107:6:Back	8	static
../Core/Src/main.c:113:6:Right	8	static
../Core/Src/main.c:119:6:Left	8	static
../Core/Src/main.c:125:6:Stop	8	static
../Core/Src/main.c:131:6:Speed	16	static
../Core/Src/main.c:135:6:LCD	8	static
../Core/Src/main.c:143:6:StepMotor	4	static
../Core/Src/main.c:146:6:Mode1	8	static
../Core/Src/main.c:205:6:Mode2	8	static
../Core/Src/main.c:228:5:main	8	static
../Core/Src/main.c:282:6:SystemClock_Config	72	static
../Core/Src/main.c:322:13:MX_I2C1_Init	8	static
../Core/Src/main.c:356:13:MX_SPI1_Init	8	static
../Core/Src/main.c:394:13:MX_SPI2_Init	8	static
../Core/Src/main.c:432:13:MX_TIM1_Init	32	static
../Core/Src/main.c:478:13:MX_TIM2_Init	64	static
../Core/Src/main.c:541:13:MX_TIM3_Init	32	static
../Core/Src/main.c:586:13:MX_TIM4_Init	32	static
../Core/Src/main.c:631:13:MX_GPIO_Init	40	static
../Core/Src/main.c:688:6:Error_Handler	4	static,ignoring_inline_asm
